0 verbose cli C:\Program Files\nodejs\node.exe C:\Program Files\nodejs\node_modules\npm\bin\npm-cli.js
1 info using npm@11.11.0
2 info using node@v24.14.1
3 silly config load:file:C:\Program Files\nodejs\node_modules\npm\npmrc
4 silly config load:file:C:\Users\Narayan\Downloads\Sports Registration Website (2)\.npmrc
5 silly config load:file:C:\Users\Narayan\.npmrc
6 silly config load:file:C:\Users\Narayan\AppData\Roaming\npm\etc\npmrc
7 verbose title npm audit
8 verbose argv "audit" "--audit-level" "high" "--cache" ".\\.npm-cache"
9 verbose logfile logs-max:10 dir:C:\Users\Narayan\Downloads\Sports Registration Website (2)\.npm-cache\_logs\2026-06-06T08_27_07_162Z-
10 verbose logfile C:\Users\Narayan\Downloads\Sports Registration Website (2)\.npm-cache\_logs\2026-06-06T08_27_07_162Z-debug-0.log
11 silly logfile done cleaning log files
12 silly packumentCache heap:2348810240 maxSize:587202560 maxEntrySize:293601280
13 silly audit bulk request {
13 silly audit   '@babel/code-frame': [ '7.29.7' ],
13 silly audit   '@babel/compat-data': [ '7.29.7' ],
13 silly audit   '@babel/core': [ '7.29.7' ],
13 silly audit   'convert-source-map': [ '2.0.0', '1.9.0' ],
13 silly audit   '@babel/generator': [ '7.29.7' ],
13 silly audit   '@babel/helper-compilation-targets': [ '7.29.7' ],
13 silly audit   '@babel/helper-globals': [ '7.29.7' ],
13 silly audit   '@babel/helper-module-imports': [ '7.29.7' ],
13 silly audit   '@babel/helper-module-transforms': [ '7.29.7' ],
13 silly audit   '@babel/helper-plugin-utils': [ '7.29.7' ],
13 silly audit   '@babel/helper-string-parser': [ '7.29.7' ],
13 silly audit   '@babel/helper-validator-identifier': [ '7.29.7' ],
13 silly audit   '@babel/helper-validator-option': [ '7.29.7' ],
13 silly audit   '@babel/helpers': [ '7.29.7' ],
13 silly audit   '@babel/parser': [ '7.29.7' ],
13 silly audit   '@babel/plugin-transform-react-jsx-self': [ '7.29.7' ],
13 silly audit   '@babel/plugin-transform-react-jsx-source': [ '7.29.7' ],
13 silly audit   '@babel/runtime': [ '7.29.7' ],
13 silly audit   '@babel/template': [ '7.29.7' ],
13 silly audit   '@babel/traverse': [ '7.29.7' ],
13 silly audit   '@babel/types': [ '7.29.7' ],
13 silly audit   '@emotion/babel-plugin': [ '11.13.5' ],
13 silly audit   '@emotion/cache': [ '11.14.0' ],
13 silly audit   '@emotion/hash': [ '0.9.2' ],
13 silly audit   '@emotion/is-prop-valid': [ '1.4.0' ],
13 silly audit   '@emotion/memoize': [ '0.9.0' ],
13 silly audit   '@emotion/react': [ '11.14.0' ],
13 silly audit   '@emotion/serialize': [ '1.3.3' ],
13 silly audit   '@emotion/sheet': [ '1.4.0' ],
13 silly audit   '@emotion/styled': [ '11.14.1' ],
13 silly audit   '@emotion/unitless': [ '0.10.0' ],
13 silly audit   '@emotion/use-insertion-effect-with-fallbacks': [ '1.2.0' ],
13 silly audit   '@emotion/utils': [ '1.4.2' ],
13 silly audit   '@emotion/weak-memoize': [ '0.4.0' ],
13 silly audit   '@esbuild/aix-ppc64': [ '0.25.12' ],
13 silly audit   '@esbuild/android-arm': [ '0.25.12' ],
13 silly audit   '@esbuild/android-arm64': [ '0.25.12' ],
13 silly audit   '@esbuild/android-x64': [ '0.25.12' ],
13 silly audit   '@esbuild/darwin-arm64': [ '0.25.12' ],
13 silly audit   '@esbuild/darwin-x64': [ '0.25.12' ],
13 silly audit   '@esbuild/freebsd-arm64': [ '0.25.12' ],
13 silly audit   '@esbuild/freebsd-x64': [ '0.25.12' ],
13 silly audit   '@esbuild/linux-arm': [ '0.25.12' ],
13 silly audit   '@esbuild/linux-arm64': [ '0.25.12' ],
13 silly audit   '@esbuild/linux-ia32': [ '0.25.12' ],
13 silly audit   '@esbuild/linux-loong64': [ '0.25.12' ],
13 silly audit   '@esbuild/linux-mips64el': [ '0.25.12' ],
13 silly audit   '@esbuild/linux-ppc64': [ '0.25.12' ],
13 silly audit   '@esbuild/linux-riscv64': [ '0.25.12' ],
13 silly audit   '@esbuild/linux-s390x': [ '0.25.12' ],
13 silly audit   '@esbuild/linux-x64': [ '0.25.12' ],
13 silly audit   '@esbuild/netbsd-arm64': [ '0.25.12' ],
13 silly audit   '@esbuild/netbsd-x64': [ '0.25.12' ],
13 silly audit   '@esbuild/openbsd-arm64': [ '0.25.12' ],
13 silly audit   '@esbuild/openbsd-x64': [ '0.25.12' ],
13 silly audit   '@esbuild/openharmony-arm64': [ '0.25.12' ],
13 silly audit   '@esbuild/sunos-x64': [ '0.25.12' ],
13 silly audit   '@esbuild/win32-arm64': [ '0.25.12' ],
13 silly audit   '@esbuild/win32-ia32': [ '0.25.12' ],
13 silly audit   '@esbuild/win32-x64': [ '0.25.12' ],
13 silly audit   '@floating-ui/core': [ '1.7.5' ],
13 silly audit   '@floating-ui/dom': [ '1.7.6' ],
13 silly audit   '@floating-ui/react-dom': [ '2.1.8' ],
13 silly audit   '@floating-ui/utils': [ '0.2.11' ],
13 silly audit   '@isaacs/fs-minipass': [ '4.0.1' ],
13 silly audit   '@jridgewell/gen-mapping': [ '0.3.13' ],
13 silly audit   '@jridgewell/remapping': [ '2.3.5' ],
13 silly audit   '@jridgewell/resolve-uri': [ '3.1.2' ],
13 silly audit   '@jridgewell/sourcemap-codec': [ '1.5.5' ],
13 silly audit   '@jridgewell/trace-mapping': [ '0.3.31' ],
13 silly audit   '@mui/core-downloads-tracker': [ '7.3.11' ],
13 silly audit   '@mui/icons-material': [ '7.3.5' ],
13 silly audit   '@mui/material': [ '7.3.5' ],
13 silly audit   '@mui/private-theming': [ '7.3.11' ],
13 silly audit   '@mui/styled-engine': [ '7.3.10' ],
13 silly audit   '@mui/system': [ '7.3.11' ],
13 silly audit   '@mui/types': [ '7.4.12' ],
13 silly audit   '@mui/utils': [ '7.3.11' ],
13 silly audit   '@popperjs/core': [ '2.11.8' ],
13 silly audit   '@radix-ui/number': [ '1.1.0' ],
13 silly audit   '@radix-ui/primitive': [ '1.1.1' ],
13 silly audit   '@radix-ui/react-accordion': [ '1.2.3' ],
13 silly audit   '@radix-ui/react-alert-dialog': [ '1.1.6' ],
13 silly audit   '@radix-ui/react-arrow': [ '1.1.2' ],
13 silly audit   '@radix-ui/react-aspect-ratio': [ '1.1.2' ],
13 silly audit   '@radix-ui/react-avatar': [ '1.1.3' ],
13 silly audit   '@radix-ui/react-checkbox': [ '1.1.4' ],
13 silly audit   '@radix-ui/react-collapsible': [ '1.1.3' ],
13 silly audit   '@radix-ui/react-collection': [ '1.1.2' ],
13 silly audit   '@radix-ui/react-compose-refs': [ '1.1.1' ],
13 silly audit   '@radix-ui/react-context': [ '1.1.1' ],
13 silly audit   '@radix-ui/react-context-menu': [ '2.2.6' ],
13 silly audit   '@radix-ui/react-dialog': [ '1.1.6' ],
13 silly audit   '@radix-ui/react-direction': [ '1.1.0' ],
13 silly audit   '@radix-ui/react-dismissable-layer': [ '1.1.5' ],
13 silly audit   '@radix-ui/react-dropdown-menu': [ '2.1.6' ],
13 silly audit   '@radix-ui/react-focus-guards': [ '1.1.1' ],
13 silly audit   '@radix-ui/react-focus-scope': [ '1.1.2' ],
13 silly audit   '@radix-ui/react-hover-card': [ '1.1.6' ],
13 silly audit   '@radix-ui/react-id': [ '1.1.0' ],
13 silly audit   '@radix-ui/react-label': [ '2.1.2' ],
13 silly audit   '@radix-ui/react-menu': [ '2.1.6' ],
13 silly audit   '@radix-ui/react-menubar': [ '1.1.6' ],
13 silly audit   '@radix-ui/react-navigation-menu': [ '1.2.5' ],
13 silly audit   '@radix-ui/react-popover': [ '1.1.6' ],
13 silly audit   '@radix-ui/react-popper': [ '1.2.2' ],
13 silly audit   '@radix-ui/react-portal': [ '1.1.4' ],
13 silly audit   '@radix-ui/react-presence': [ '1.1.2' ],
13 silly audit   '@radix-ui/react-primitive': [ '2.0.2' ],
13 silly audit   '@radix-ui/react-progress': [ '1.1.2' ],
13 silly audit   '@radix-ui/react-radio-group': [ '1.2.3' ],
13 silly audit   '@radix-ui/react-roving-focus': [ '1.1.2' ],
13 silly audit   '@radix-ui/react-scroll-area': [ '1.2.3' ],
13 silly audit   '@radix-ui/react-select': [ '2.1.6' ],
13 silly audit   '@radix-ui/react-separator': [ '1.1.2' ],
13 silly audit   '@radix-ui/react-slider': [ '1.2.3' ],
13 silly audit   '@radix-ui/react-slot': [ '1.1.2' ],
13 silly audit   '@radix-ui/react-switch': [ '1.1.3' ],
13 silly audit   '@radix-ui/react-tabs': [ '1.1.3' ],
13 silly audit   '@radix-ui/react-toggle': [ '1.1.2' ],
13 silly audit   '@radix-ui/react-toggle-group': [ '1.1.2' ],
13 silly audit   '@radix-ui/react-tooltip': [ '1.1.8' ],
13 silly audit   '@radix-ui/react-use-callback-ref': [ '1.1.0' ],
13 silly audit   '@radix-ui/react-use-controllable-state': [ '1.1.0' ],
13 silly audit   '@radix-ui/react-use-escape-keydown': [ '1.1.0' ],
13 silly audit   '@radix-ui/react-use-layout-effect': [ '1.1.0' ],
13 silly audit   '@radix-ui/react-use-previous': [ '1.1.0' ],
13 silly audit   '@radix-ui/react-use-rect': [ '1.1.0' ],
13 silly audit   '@radix-ui/react-use-size': [ '1.1.0' ],
13 silly audit   '@radix-ui/react-visually-hidden': [ '1.1.2' ],
13 silly audit   '@radix-ui/rect': [ '1.1.0' ],
13 silly audit   '@react-dnd/asap': [ '5.0.2' ],
13 silly audit   '@react-dnd/invariant': [ '4.0.2' ],
13 silly audit   '@react-dnd/shallowequal': [ '4.0.2' ],
13 silly audit   '@rolldown/pluginutils': [ '1.0.0-beta.27' ],
13 silly audit   '@rollup/rollup-android-arm-eabi': [ '4.61.1' ],
13 silly audit   '@rollup/rollup-android-arm64': [ '4.61.1' ],
13 silly audit   '@rollup/rollup-darwin-arm64': [ '4.61.1' ],
13 silly audit   '@rollup/rollup-darwin-x64': [ '4.61.1' ],
13 silly audit   '@rollup/rollup-freebsd-arm64': [ '4.61.1' ],
13 silly audit   '@rollup/rollup-freebsd-x64': [ '4.61.1' ],
13 silly audit   '@rollup/rollup-linux-arm-gnueabihf': [ '4.61.1' ],
13 silly audit   '@rollup/rollup-linux-arm-musleabihf': [ '4.61.1' ],
13 silly audit   '@rollup/rollup-linux-arm64-gnu': [ '4.61.1' ],
13 silly audit   '@rollup/rollup-linux-arm64-musl': [ '4.61.1' ],
13 silly audit   '@rollup/rollup-linux-loong64-gnu': [ '4.61.1' ],
13 silly audit   '@rollup/rollup-linux-loong64-musl': [ '4.61.1' ],
13 silly audit   '@rollup/rollup-linux-ppc64-gnu': [ '4.61.1' ],
13 silly audit   '@rollup/rollup-linux-ppc64-musl': [ '4.61.1' ],
13 silly audit   '@rollup/rollup-linux-riscv64-gnu': [ '4.61.1' ],
13 silly audit   '@rollup/rollup-linux-riscv64-musl': [ '4.61.1' ],
13 silly audit   '@rollup/rollup-linux-s390x-gnu': [ '4.61.1' ],
13 silly audit   '@rollup/rollup-linux-x64-gnu': [ '4.61.1' ],
13 silly audit   '@rollup/rollup-linux-x64-musl': [ '4.61.1' ],
13 silly audit   '@rollup/rollup-openbsd-x64': [ '4.61.1' ],
13 silly audit   '@rollup/rollup-openharmony-arm64': [ '4.61.1' ],
13 silly audit   '@rollup/rollup-win32-arm64-msvc': [ '4.61.1' ],
13 silly audit   '@rollup/rollup-win32-ia32-msvc': [ '4.61.1' ],
13 silly audit   '@rollup/rollup-win32-x64-gnu': [ '4.61.1' ],
13 silly audit   '@rollup/rollup-win32-x64-msvc': [ '4.61.1' ],
13 silly audit   '@tailwindcss/node': [ '4.1.12' ],
13 silly audit   '@tailwindcss/oxide': [ '4.1.12' ],
13 silly audit   '@tailwindcss/oxide-android-arm64': [ '4.1.12' ],
13 silly audit   '@tailwindcss/oxide-darwin-arm64': [ '4.1.12' ],
13 silly audit   '@tailwindcss/oxide-darwin-x64': [ '4.1.12' ],
13 silly audit   '@tailwindcss/oxide-freebsd-x64': [ '4.1.12' ],
13 silly audit   '@tailwindcss/oxide-linux-arm-gnueabihf': [ '4.1.12' ],
13 silly audit   '@tailwindcss/oxide-linux-arm64-gnu': [ '4.1.12' ],
13 silly audit   '@tailwindcss/oxide-linux-arm64-musl': [ '4.1.12' ],
13 silly audit   '@tailwindcss/oxide-linux-x64-gnu': [ '4.1.12' ],
13 silly audit   '@tailwindcss/oxide-linux-x64-musl': [ '4.1.12' ],
13 silly audit   '@tailwindcss/oxide-wasm32-wasi': [ '4.1.12' ],
13 silly audit   '@tailwindcss/oxide-win32-arm64-msvc': [ '4.1.12' ],
13 silly audit   '@tailwindcss/oxide-win32-x64-msvc': [ '4.1.12' ],
13 silly audit   '@tailwindcss/vite': [ '4.1.12' ],
13 silly audit   '@types/babel__core': [ '7.20.5' ],
13 silly audit   '@types/babel__generator': [ '7.27.0' ],
13 silly audit   '@types/babel__template': [ '7.4.4' ],
13 silly audit   '@types/babel__traverse': [ '7.28.0' ],
13 silly audit   '@types/d3-array': [ '3.2.2' ],
13 silly audit   '@types/d3-color': [ '3.1.3' ],
13 silly audit   '@types/d3-ease': [ '3.0.2' ],
13 silly audit   '@types/d3-interpolate': [ '3.0.4' ],
13 silly audit   '@types/d3-path': [ '3.1.1' ],
13 silly audit   '@types/d3-scale': [ '4.0.9' ],
13 silly audit   '@types/d3-shape': [ '3.1.8' ],
13 silly audit   '@types/d3-time': [ '3.0.4' ],
13 silly audit   '@types/d3-timer': [ '3.0.2' ],
13 silly audit   '@types/estree': [ '1.0.9' ],
13 silly audit   '@types/parse-json': [ '4.0.2' ],
13 silly audit   '@types/prop-types': [ '15.7.15' ],
13 silly audit   '@types/react': [ '19.2.17' ],
13 silly audit   '@types/react-transition-group': [ '4.4.12' ],
13 silly audit   '@vitejs/plugin-react': [ '4.7.0' ],
13 silly audit   'adler-32': [ '1.3.1' ],
13 silly audit   'aria-hidden': [ '1.2.6' ],
13 silly audit   'babel-plugin-macros': [ '3.1.0' ],
13 silly audit   'baseline-browser-mapping': [ '2.10.34' ],
13 silly audit   browserslist: [ '4.28.2' ],
13 silly audit   callsites: [ '3.1.0' ],
13 silly audit   'caniuse-lite': [ '1.0.30001797' ],
13 silly audit   'canvas-confetti': [ '1.9.4' ],
13 silly audit   cfb: [ '1.2.2' ],
13 silly audit   chownr: [ '3.0.0' ],
13 silly audit   'class-variance-authority': [ '0.7.1' ],
13 silly audit   classnames: [ '2.5.1' ],
13 silly audit   clsx: [ '2.1.1' ],
13 silly audit   cmdk: [ '1.1.1' ],
13 silly audit   codepage: [ '1.15.0' ],
13 silly audit   cookie: [ '1.1.1' ],
13 silly audit   cosmiconfig: [ '7.1.0' ],
13 silly audit   yaml: [ '1.10.3' ],
13 silly audit   'crc-32': [ '1.2.2' ],
13 silly audit   csstype: [ '3.2.3' ],
13 silly audit   'd3-array': [ '3.2.4' ],
13 silly audit   'd3-color': [ '3.1.0' ],
13 silly audit   'd3-ease': [ '3.0.1' ],
13 silly audit   'd3-format': [ '3.1.2' ],
13 silly audit   'd3-interpolate': [ '3.0.1' ],
13 silly audit   'd3-path': [ '3.1.0' ],
13 silly audit   'd3-scale': [ '4.0.2' ],
13 silly audit   'd3-shape': [ '3.2.0' ],
13 silly audit   'd3-time': [ '3.1.0' ],
13 silly audit   'd3-time-format': [ '4.1.0' ],
13 silly audit   'd3-timer': [ '3.0.1' ],
13 silly audit   'date-fns': [ '3.6.0' ],
13 silly audit   debug: [ '4.4.3' ],
13 silly audit   'decimal.js-light': [ '2.5.1' ],
13 silly audit   'detect-libc': [ '2.1.2' ],
13 silly audit   'detect-node-es': [ '1.1.0' ],
13 silly audit   'dnd-core': [ '16.0.1' ],
13 silly audit   'dom-helpers': [ '5.2.1' ],
13 silly audit   'electron-to-chromium': [ '1.5.368' ],
13 silly audit   'embla-carousel': [ '8.6.0' ],
13 silly audit   'embla-carousel-react': [ '8.6.0' ],
13 silly audit   'embla-carousel-reactive-utils': [ '8.6.0' ],
13 silly audit   'enhanced-resolve': [ '5.23.0' ],
13 silly audit   'error-ex': [ '1.3.4' ],
13 silly audit   'es-errors': [ '1.3.0' ],
13 silly audit   esbuild: [ '0.25.12' ],
13 silly audit   escalade: [ '3.2.0' ],
13 silly audit   'escape-string-regexp': [ '4.0.0' ],
13 silly audit   eventemitter3: [ '4.0.7' ],
13 silly audit   'fast-deep-equal': [ '3.1.3' ],
13 silly audit   'fast-equals': [ '5.4.0' ],
13 silly audit   fdir: [ '6.5.0' ],
13 silly audit   'find-root': [ '1.1.0' ],
13 silly audit   frac: [ '1.1.2' ],
13 silly audit   'framer-motion': [ '12.40.0' ],
13 silly audit   fsevents: [ '2.3.3' ],
13 silly audit   'function-bind': [ '1.1.2' ],
13 silly audit   gensync: [ '1.0.0-beta.2' ],
13 silly audit   'get-nonce': [ '1.0.1' ],
13 silly audit   'graceful-fs': [ '4.2.11' ],
13 silly audit   hasown: [ '2.0.4' ],
13 silly audit   'hoist-non-react-statics': [ '3.3.2' ],
13 silly audit   'react-is': [ '16.13.1', '19.2.7', '18.3.1' ],
13 silly audit   'import-fresh': [ '3.3.1' ],
13 silly audit   'input-otp': [ '1.4.2' ],
13 silly audit   internmap: [ '2.0.3' ],
13 silly audit   'is-arrayish': [ '0.2.1' ],
13 silly audit   'is-core-module': [ '2.16.2' ],
13 silly audit   jiti: [ '2.7.0' ],
13 silly audit   'js-tokens': [ '4.0.0' ],
13 silly audit   jsesc: [ '3.1.0' ],
13 silly audit   'json-parse-even-better-errors': [ '2.3.1' ],
13 silly audit   json2mq: [ '0.2.0' ],
13 silly audit   json5: [ '2.2.3' ],
13 silly audit   lightningcss: [ '1.30.1' ],
13 silly audit   'lightningcss-darwin-arm64': [ '1.30.1' ],
13 silly audit   'lightningcss-darwin-x64': [ '1.30.1' ],
13 silly audit   'lightningcss-freebsd-x64': [ '1.30.1' ],
13 silly audit   'lightningcss-linux-arm-gnueabihf': [ '1.30.1' ],
13 silly audit   'lightningcss-linux-arm64-gnu': [ '1.30.1' ],
13 silly audit   'lightningcss-linux-arm64-musl': [ '1.30.1' ],
13 silly audit   'lightningcss-linux-x64-gnu': [ '1.30.1' ],
13 silly audit   'lightningcss-linux-x64-musl': [ '1.30.1' ],
13 silly audit   'lightningcss-win32-arm64-msvc': [ '1.30.1' ],
13 silly audit   'lightningcss-win32-x64-msvc': [ '1.30.1' ],
13 silly audit   'lines-and-columns': [ '1.2.4' ],
13 silly audit   lodash: [ '4.18.1' ],
13 silly audit   'lodash.debounce': [ '4.0.8' ],
13 silly audit   'loose-envify': [ '1.4.0' ],
13 silly audit   'lru-cache': [ '5.1.1' ],
13 silly audit   'lucide-react': [ '0.487.0' ],
13 silly audit   'magic-string': [ '0.30.21' ],
13 silly audit   minipass: [ '7.1.3' ],
13 silly audit   minizlib: [ '3.1.0' ],
13 silly audit   motion: [ '12.23.24' ],
13 silly audit   'motion-dom': [ '12.40.0' ],
13 silly audit   'motion-utils': [ '12.39.0' ],
13 silly audit   ms: [ '2.1.3' ],
13 silly audit   nanoid: [ '3.3.12' ],
13 silly audit   'next-themes': [ '0.4.6' ],
13 silly audit   'node-releases': [ '2.0.47' ],
13 silly audit   'object-assign': [ '4.1.1' ],
13 silly audit   'parent-module': [ '1.0.1' ],
13 silly audit   'parse-json': [ '5.2.0' ],
13 silly audit   'path-parse': [ '1.0.7' ],
13 silly audit   'path-type': [ '4.0.0' ],
13 silly audit   picocolors: [ '1.1.1' ],
13 silly audit   picomatch: [ '4.0.4' ],
13 silly audit   postcss: [ '8.5.15' ],
13 silly audit   'prop-types': [ '15.8.1' ],
13 silly audit   'qrcode.react': [ '4.2.0' ],
13 silly audit   react: [ '18.3.1' ],
13 silly audit   'react-day-picker': [ '8.10.1' ],
13 silly audit   'react-dnd': [ '16.0.1' ],
13 silly audit   'react-dnd-html5-backend': [ '16.0.1' ],
13 silly audit   'react-dom': [ '18.3.1' ],
13 silly audit   'react-fast-compare': [ '3.2.2' ],
13 silly audit   'react-hook-form': [ '7.55.0' ],
13 silly audit   'react-popper': [ '2.3.0' ],
13 silly audit   'react-refresh': [ '0.17.0' ],
13 silly audit   'react-remove-scroll': [ '2.7.2' ],
13 silly audit   'react-remove-scroll-bar': [ '2.3.8' ],
13 silly audit   'react-resizable-panels': [ '2.1.7' ],
13 silly audit   'react-responsive-masonry': [ '2.7.1' ],
13 silly audit   'react-router': [ '7.13.0' ],
13 silly audit   'react-slick': [ '0.31.0' ],
13 silly audit   'react-smooth': [ '4.0.4' ],
13 silly audit   'react-style-singleton': [ '2.2.3' ],
13 silly audit   'react-transition-group': [ '4.4.5' ],
13 silly audit   recharts: [ '2.15.2' ],
13 silly audit   'recharts-scale': [ '0.4.5' ],
13 silly audit   redux: [ '4.2.1' ],
13 silly audit   'resize-observer-polyfill': [ '1.5.1' ],
13 silly audit   resolve: [ '1.22.12' ],
13 silly audit   'resolve-from': [ '4.0.0' ],
13 silly audit   rollup: [ '4.61.1' ],
13 silly audit   scheduler: [ '0.23.2' ],
13 silly audit   semver: [ '6.3.1' ],
13 silly audit   'set-cookie-parser': [ '2.7.2' ],
13 silly audit   sonner: [ '2.0.3' ],
13 silly audit   'source-map': [ '0.5.7' ],
13 silly audit   'source-map-js': [ '1.2.1' ],
13 silly audit   ssf: [ '0.11.2' ],
13 silly audit   'string-convert': [ '0.2.1' ],
13 silly audit   stylis: [ '4.2.0' ],
13 silly audit   'supports-preserve-symlinks-flag': [ '1.0.0' ],
13 silly audit   'tailwind-merge': [ '3.2.0' ],
13 silly audit   tailwindcss: [ '4.1.12' ],
13 silly audit   tapable: [ '2.3.3' ],
13 silly audit   tar: [ '7.5.16' ],
13 silly audit   yallist: [ '5.0.0', '3.1.1' ],
13 silly audit   'tiny-invariant': [ '1.3.3' ],
13 silly audit   tinyglobby: [ '0.2.17' ],
13 silly audit   tslib: [ '2.8.1' ],
13 silly audit   'tw-animate-css': [ '1.3.8' ],
13 silly audit   'update-browserslist-db': [ '1.2.3' ],
13 silly audit   'use-callback-ref': [ '1.3.3' ],
13 silly audit   'use-sidecar': [ '1.1.3' ],
13 silly audit   vaul: [ '1.1.2' ],
13 silly audit   'victory-vendor': [ '36.9.2' ],
13 silly audit   vite: [ '6.3.5' ],
13 silly audit   warning: [ '4.0.3' ],
13 silly audit   wmf: [ '1.0.2' ],
13 silly audit   word: [ '0.3.0' ],
13 silly audit   xlsx: [ '0.18.5' ]
13 silly audit }
14 http fetch POST 200 https://registry.npmjs.org/-/npm/v1/security/advisories/bulk 586ms
15 silly audit report {
15 silly audit report   'react-router': [
15 silly audit report     {
15 silly audit report       id: 1120063,
15 silly audit report       url: 'https://github.com/advisories/GHSA-49rj-9fvp-4h2h',
15 silly audit report       title: "React Router's vendored turbo-stream v2 allows arbitrary constructor invocation via TYPE_ERROR deserialization leading to Unauth RCE",
15 silly audit report       severity: 'high',
15 silly audit report       vulnerable_versions: '>=7.0.0 <=7.14.1',
15 silly audit report       cwe: [Array],
15 silly audit report       cvss: [Object]
15 silly audit report     },
15 silly audit report     {
15 silly audit report       id: 1120065,
15 silly audit report       url: 'https://github.com/advisories/GHSA-2j2x-hqr9-3h42',
15 silly audit report       title: "React Router's same-origin redirect with path starting // causes open redirect via protocol-relative URL reinterpretation",
15 silly audit report       severity: 'moderate',
15 silly audit report       vulnerable_versions: '>=7.0.0 <7.14.1',
15 silly audit report       cwe: [Array],
15 silly audit report       cvss: [Object]
15 silly audit report     },
15 silly audit report     {
15 silly audit report       id: 1120066,
15 silly audit report       url: 'https://github.com/advisories/GHSA-8646-j5j9-6r62',
15 silly audit report       title: 'React Router vulnerable to XSS in unstable RSC redirect handling via javascript: redirect targets',
15 silly audit report       severity: 'high',
15 silly audit report       vulnerable_versions: '>=7.7.0 <7.13.2',
15 silly audit report       cwe: [Array],
15 silly audit report       cvss: [Object]
15 silly audit report     },
15 silly audit report     {
15 silly audit report       id: 1120067,
15 silly audit report       url: 'https://github.com/advisories/GHSA-f22v-gfqf-p8f3',
15 silly audit report       title: 'React Router has stored XSS via unescaped Location header in prerendered redirect HTML',
15 silly audit report       severity: 'moderate',
15 silly audit report       vulnerable_versions: '>=7.5.1 <7.13.2',
15 silly audit report       cwe: [Array],
15 silly audit report       cvss: [Object]
15 silly audit report     },
15 silly audit report     {
15 silly audit report       id: 1120069,
15 silly audit report       url: 'https://github.com/advisories/GHSA-8x6r-g9mw-2r78',
15 silly audit report       title: 'React Router vulnerable to DoS via unbounded path expansion in __manifest endpoint',
15 silly audit report       severity: 'high',
15 silly audit report       vulnerable_versions: '>=7.0.0 <7.15.0',
15 silly audit report       cwe: [Array],
15 silly audit report       cvss: [Object]
15 silly audit report     },
15 silly audit report     {
15 silly audit report       id: 1120081,
15 silly audit report       url: 'https://github.com/advisories/GHSA-rxv8-25v2-qmq8',
15 silly audit report       title: 'React Router vulnerable to Denial of Service via reflected user input in single-fetch',
15 silly audit report       severity: 'high',
15 silly audit report       vulnerable_versions: '>=7.0.0 <7.14.0',
15 silly audit report       cwe: [Array],
15 silly audit report       cvss: [Object]
15 silly audit report     }
15 silly audit report   ],
15 silly audit report   vite: [
15 silly audit report     {
15 silly audit report       id: 1107324,
15 silly audit report       url: 'https://github.com/advisories/GHSA-g4jq-h2w9-997c',
15 silly audit report       title: 'Vite middleware may serve files starting with the same name with the public directory',
15 silly audit report       severity: 'low',
15 silly audit report       vulnerable_versions: '>=6.0.0 <=6.3.5',
15 silly audit report       cwe: [Array],
15 silly audit report       cvss: [Object]
15 silly audit report     },
15 silly audit report     {
15 silly audit report       id: 1107328,
15 silly audit report       url: 'https://github.com/advisories/GHSA-jqfw-vq24-v9c3',
15 silly audit report       title: "Vite's `server.fs` settings were not applied to HTML files",
15 silly audit report       severity: 'low',
15 silly audit report       vulnerable_versions: '>=6.0.0 <=6.3.5',
15 silly audit report       cwe: [Array],
15 silly audit report       cvss: [Object]
15 silly audit report     },
15 silly audit report     {
15 silly audit report       id: 1109135,
15 silly audit report       url: 'https://github.com/advisories/GHSA-93m4-6634-74q7',
15 silly audit report       title: 'vite allows server.fs.deny bypass via backslash on Windows',
15 silly audit report       severity: 'moderate',
15 silly audit report       vulnerable_versions: '>=6.0.0 <=6.4.0',
15 silly audit report       cwe: [Array],
15 silly audit report       cvss: [Object]
15 silly audit report     },
15 silly audit report     {
15 silly audit report       id: 1116229,
15 silly audit report       url: 'https://github.com/advisories/GHSA-4w7w-66w2-5vf9',
15 silly audit report       title: 'Vite Vulnerable to Path Traversal in Optimized Deps `.map` Handling',
15 silly audit report       severity: 'moderate',
15 silly audit report       vulnerable_versions: '<=6.4.1',
15 silly audit report       cwe: [Array],
15 silly audit report       cvss: [Object]
15 silly audit report     },
15 silly audit report     {
15 silly audit report       id: 1116234,
15 silly audit report       url: 'https://github.com/advisories/GHSA-p9ff-h696-f583',
15 silly audit report       title: 'Vite Vulnerable to Arbitrary File Read via Vite Dev Server WebSocket',
15 silly audit report       severity: 'high',
15 silly audit report       vulnerable_versions: '>=6.0.0 <=6.4.1',
15 silly audit report       cwe: [Array],
15 silly audit report       cvss: [Object]
15 silly audit report     }
15 silly audit report   ],
15 silly audit report   xlsx: [
15 silly audit report     {
15 silly audit report       id: 1108110,
15 silly audit report       url: 'https://github.com/advisories/GHSA-4r6h-8v6p-xvw6',
15 silly audit report       title: 'Prototype Pollution in sheetJS',
15 silly audit report       severity: 'high',
15 silly audit report       vulnerable_versions: '<0.19.3',
15 silly audit report       cwe: [Array],
15 silly audit report       cvss: [Object]
15 silly audit report     },
15 silly audit report     {
15 silly audit report       id: 1108111,
15 silly audit report       url: 'https://github.com/advisories/GHSA-5pgg-2g8v-p4x9',
15 silly audit report       title: 'SheetJS Regular Expression Denial of Service (ReDoS)',
15 silly audit report       severity: 'high',
15 silly audit report       vulnerable_versions: '<0.20.2',
15 silly audit report       cwe: [Array],
15 silly audit report       cvss: [Object]
15 silly audit report     }
15 silly audit report   ]
15 silly audit report }
16 silly packumentCache corgi:https://registry.npmjs.org/react-router cache-miss
17 silly packumentCache corgi:https://registry.npmjs.org/vite cache-miss
18 silly packumentCache corgi:https://registry.npmjs.org/xlsx cache-miss
19 http cache https://registry.npmjs.org/xlsx 93ms (cache hit)
20 silly packumentCache corgi:https://registry.npmjs.org/xlsx set size:134408 disposed:false
21 http cache https://registry.npmjs.org/vite 135ms (cache hit)
22 silly packumentCache corgi:https://registry.npmjs.org/vite set size:2261551 disposed:false
23 http cache https://registry.npmjs.org/react-router 275ms (cache hit)
24 silly packumentCache corgi:https://registry.npmjs.org/react-router set size:1333656 disposed:false
25 silly packumentCache corgi:https://registry.npmjs.org/@tailwindcss%2fvite cache-miss
26 silly packumentCache corgi:https://registry.npmjs.org/@vitejs%2fplugin-react cache-miss
27 http cache https://registry.npmjs.org/@vitejs%2fplugin-react 24ms (cache hit)
28 silly packumentCache corgi:https://registry.npmjs.org/@vitejs%2fplugin-react set size:113751 disposed:false
29 http cache https://registry.npmjs.org/@tailwindcss%2fvite 46ms (cache hit)
30 silly packumentCache corgi:https://registry.npmjs.org/@tailwindcss%2fvite set size:848097 disposed:false
31 verbose cwd C:\Users\Narayan\Downloads\Sports Registration Website (2)
32 verbose os Windows_NT 10.0.19045
33 verbose node v24.14.1
34 verbose npm  v11.11.0
35 verbose exit 1
36 verbose code 1
