0 verbose cli C:\Program Files\nodejs\node.exe C:\Program Files\nodejs\node_modules\npm\bin\npm-cli.js
1 info using npm@11.11.0
2 info using node@v24.14.1
3 silly config load:file:C:\Program Files\nodejs\node_modules\npm\npmrc
4 silly config load:file:C:\Users\Narayan\Downloads\Sports Registration Website (2)\.npmrc
5 silly config load:file:C:\Users\Narayan\.npmrc
6 silly config load:file:C:\Users\Narayan\AppData\Roaming\npm\etc\npmrc
7 verbose title npm install
8 verbose argv "install" "--cache" ".\\.npm-cache"
9 verbose logfile logs-max:10 dir:C:\Users\Narayan\Downloads\Sports Registration Website (2)\.npm-cache\_logs\2026-06-06T08_24_16_478Z-
10 verbose logfile C:\Users\Narayan\Downloads\Sports Registration Website (2)\.npm-cache\_logs\2026-06-06T08_24_16_478Z-debug-0.log
11 silly logfile done cleaning log files
12 silly packumentCache heap:2348810240 maxSize:587202560 maxEntrySize:293601280
13 silly idealTree buildDeps
14 silly fetch manifest @mui/icons-material@7.3.5
15 silly packumentCache full:https://registry.npmjs.org/@mui%2ficons-material cache-miss
16 http cache https://registry.npmjs.org/@mui%2ficons-material 128ms (cache hit)
17 silly packumentCache full:https://registry.npmjs.org/@mui%2ficons-material set size:10105141 disposed:false
18 silly fetch manifest @mui/material@7.3.5
19 silly packumentCache full:https://registry.npmjs.org/@mui%2fmaterial cache-miss
20 http cache https://registry.npmjs.org/@mui%2fmaterial 23ms (cache hit)
21 silly packumentCache full:https://registry.npmjs.org/@mui%2fmaterial set size:1201092 disposed:false
22 silly fetch manifest @emotion/react@11.14.0
23 silly packumentCache full:https://registry.npmjs.org/@emotion%2freact cache-miss
24 http cache https://registry.npmjs.org/@emotion%2freact 12ms (cache hit)
25 silly packumentCache full:https://registry.npmjs.org/@emotion%2freact set size:196423 disposed:false
26 silly fetch manifest react@18.3.1
27 silly packumentCache full:https://registry.npmjs.org/react cache-miss
28 http cache https://registry.npmjs.org/react 45ms (cache hit)
29 silly packumentCache full:https://registry.npmjs.org/react set size:6688498 disposed:false
30 silly fetch manifest @emotion/styled@11.14.1
31 silly packumentCache full:https://registry.npmjs.org/@emotion%2fstyled cache-miss
32 http cache https://registry.npmjs.org/@emotion%2fstyled 45ms (cache hit)
33 silly packumentCache full:https://registry.npmjs.org/@emotion%2fstyled set size:286272 disposed:false
34 silly fetch manifest @mui/material-pigment-css@^7.3.5
35 silly packumentCache full:https://registry.npmjs.org/@mui%2fmaterial-pigment-css cache-miss
36 http cache https://registry.npmjs.org/@mui%2fmaterial-pigment-css 14ms (cache hit)
37 silly packumentCache full:https://registry.npmjs.org/@mui%2fmaterial-pigment-css set size:268051 disposed:false
38 silly fetch manifest @pigment-css/react@^0.0.30
39 silly packumentCache full:https://registry.npmjs.org/@pigment-css%2freact cache-miss
40 http cache https://registry.npmjs.org/@pigment-css%2freact 13ms (cache hit)
41 silly packumentCache full:https://registry.npmjs.org/@pigment-css%2freact set size:181060 disposed:false
42 silly fetch manifest @types/react@^17.0.0 || ^18.0.0 || ^19.0.0
43 silly packumentCache full:https://registry.npmjs.org/@types%2freact cache-miss
44 http cache https://registry.npmjs.org/@types%2freact 36ms (cache hit)
45 silly packumentCache full:https://registry.npmjs.org/@types%2freact set size:2632776 disposed:false
46 silly fetch manifest react-dom@18.3.1
47 silly packumentCache full:https://registry.npmjs.org/react-dom cache-miss
48 http cache https://registry.npmjs.org/react-dom 55ms (cache hit)
49 silly packumentCache full:https://registry.npmjs.org/react-dom set size:8930276 disposed:false
50 silly fetch manifest lucide-react@0.487.0
51 silly packumentCache full:https://registry.npmjs.org/lucide-react cache-miss
52 http cache https://registry.npmjs.org/lucide-react 20ms (cache hit)
53 silly packumentCache full:https://registry.npmjs.org/lucide-react set size:2269186 disposed:false
54 silly placeDep ROOT @mui/icons-material@7.3.5 REPLACE for: @figma/my-make-file@0.0.1 want: 7.3.5
55 silly placeDep ROOT lucide-react@0.487.0 REPLACE for: @figma/my-make-file@0.0.1 want: 0.487.0
56 silly fetch manifest @tailwindcss/oxide-android-arm64@4.1.12
57 silly packumentCache full:https://registry.npmjs.org/@tailwindcss%2foxide-android-arm64 cache-miss
58 http cache https://registry.npmjs.org/@tailwindcss%2foxide-android-arm64 18ms (cache hit)
59 silly packumentCache full:https://registry.npmjs.org/@tailwindcss%2foxide-android-arm64 set size:1998657 disposed:false
60 silly fetch manifest @tailwindcss/oxide-freebsd-x64@4.1.12
61 silly packumentCache full:https://registry.npmjs.org/@tailwindcss%2foxide-freebsd-x64 cache-miss
62 http cache https://registry.npmjs.org/@tailwindcss%2foxide-freebsd-x64 20ms (cache hit)
63 silly packumentCache full:https://registry.npmjs.org/@tailwindcss%2foxide-freebsd-x64 set size:2837909 disposed:false
64 silly fetch manifest @tailwindcss/oxide-darwin-arm64@4.1.12
65 silly packumentCache full:https://registry.npmjs.org/@tailwindcss%2foxide-darwin-arm64 cache-miss
66 http cache https://registry.npmjs.org/@tailwindcss%2foxide-darwin-arm64 25ms (cache hit)
67 silly packumentCache full:https://registry.npmjs.org/@tailwindcss%2foxide-darwin-arm64 set size:2858326 disposed:false
68 silly fetch manifest @tailwindcss/oxide-linux-arm-gnueabihf@4.1.12
69 silly packumentCache full:https://registry.npmjs.org/@tailwindcss%2foxide-linux-arm-gnueabihf cache-miss
70 http cache https://registry.npmjs.org/@tailwindcss%2foxide-linux-arm-gnueabihf 61ms (cache hit)
71 silly packumentCache full:https://registry.npmjs.org/@tailwindcss%2foxide-linux-arm-gnueabihf set size:2932661 disposed:false
72 silly fetch manifest @tailwindcss/oxide-darwin-x64@4.1.12
73 silly packumentCache full:https://registry.npmjs.org/@tailwindcss%2foxide-darwin-x64 cache-miss
74 http cache https://registry.npmjs.org/@tailwindcss%2foxide-darwin-x64 27ms (cache hit)
75 silly packumentCache full:https://registry.npmjs.org/@tailwindcss%2foxide-darwin-x64 set size:2823530 disposed:false
76 silly fetch manifest @tailwindcss/oxide-linux-arm64-gnu@4.1.12
77 silly packumentCache full:https://registry.npmjs.org/@tailwindcss%2foxide-linux-arm64-gnu cache-miss
78 http cache https://registry.npmjs.org/@tailwindcss%2foxide-linux-arm64-gnu 20ms (cache hit)
79 silly packumentCache full:https://registry.npmjs.org/@tailwindcss%2foxide-linux-arm64-gnu set size:2907675 disposed:false
80 silly fetch manifest @tailwindcss/oxide-linux-x64-gnu@4.1.12
81 silly packumentCache full:https://registry.npmjs.org/@tailwindcss%2foxide-linux-x64-gnu cache-miss
82 http cache https://registry.npmjs.org/@tailwindcss%2foxide-linux-x64-gnu 54ms (cache hit)
83 silly packumentCache full:https://registry.npmjs.org/@tailwindcss%2foxide-linux-x64-gnu set size:2881790 disposed:false
84 silly fetch manifest @tailwindcss/oxide-linux-arm64-musl@4.1.12
85 silly packumentCache full:https://registry.npmjs.org/@tailwindcss%2foxide-linux-arm64-musl cache-miss
86 http cache https://registry.npmjs.org/@tailwindcss%2foxide-linux-arm64-musl 30ms (cache hit)
87 silly packumentCache full:https://registry.npmjs.org/@tailwindcss%2foxide-linux-arm64-musl set size:2918626 disposed:false
88 silly fetch manifest @tailwindcss/oxide-linux-x64-musl@4.1.12
89 silly packumentCache full:https://registry.npmjs.org/@tailwindcss%2foxide-linux-x64-musl cache-miss
90 http cache https://registry.npmjs.org/@tailwindcss%2foxide-linux-x64-musl 46ms (cache hit)
91 silly packumentCache full:https://registry.npmjs.org/@tailwindcss%2foxide-linux-x64-musl set size:2890480 disposed:false
92 silly fetch manifest @tailwindcss/oxide-wasm32-wasi@4.1.12
93 silly packumentCache full:https://registry.npmjs.org/@tailwindcss%2foxide-wasm32-wasi cache-miss
94 http cache https://registry.npmjs.org/@tailwindcss%2foxide-wasm32-wasi 17ms (cache hit)
95 silly packumentCache full:https://registry.npmjs.org/@tailwindcss%2foxide-wasm32-wasi set size:1413212 disposed:false
96 silly fetch manifest @tailwindcss/oxide-win32-arm64-msvc@4.1.12
97 silly packumentCache full:https://registry.npmjs.org/@tailwindcss%2foxide-win32-arm64-msvc cache-miss
98 http cache https://registry.npmjs.org/@tailwindcss%2foxide-win32-arm64-msvc 50ms (cache hit)
99 silly packumentCache full:https://registry.npmjs.org/@tailwindcss%2foxide-win32-arm64-msvc set size:1974083 disposed:false
100 silly placeDep ROOT @tailwindcss/oxide-android-arm64@4.1.12 OK for: @tailwindcss/oxide@4.1.12 want: 4.1.12
101 silly placeDep ROOT @tailwindcss/oxide-darwin-arm64@4.1.12 OK for: @tailwindcss/oxide@4.1.12 want: 4.1.12
102 silly placeDep ROOT @tailwindcss/oxide-darwin-x64@4.1.12 OK for: @tailwindcss/oxide@4.1.12 want: 4.1.12
103 silly placeDep ROOT @tailwindcss/oxide-freebsd-x64@4.1.12 OK for: @tailwindcss/oxide@4.1.12 want: 4.1.12
104 silly placeDep ROOT @tailwindcss/oxide-linux-arm-gnueabihf@4.1.12 OK for: @tailwindcss/oxide@4.1.12 want: 4.1.12
105 silly placeDep ROOT @tailwindcss/oxide-linux-arm64-gnu@4.1.12 OK for: @tailwindcss/oxide@4.1.12 want: 4.1.12
106 silly placeDep ROOT @tailwindcss/oxide-linux-arm64-musl@4.1.12 OK for: @tailwindcss/oxide@4.1.12 want: 4.1.12
107 silly placeDep ROOT @tailwindcss/oxide-linux-x64-gnu@4.1.12 OK for: @tailwindcss/oxide@4.1.12 want: 4.1.12
108 silly placeDep ROOT @tailwindcss/oxide-linux-x64-musl@4.1.12 OK for: @tailwindcss/oxide@4.1.12 want: 4.1.12
109 silly placeDep ROOT @tailwindcss/oxide-wasm32-wasi@4.1.12 OK for: @tailwindcss/oxide@4.1.12 want: 4.1.12
110 silly placeDep ROOT @tailwindcss/oxide-win32-arm64-msvc@4.1.12 OK for: @tailwindcss/oxide@4.1.12 want: 4.1.12
111 silly fetch manifest @esbuild/aix-ppc64@0.25.12
112 silly packumentCache full:https://registry.npmjs.org/@esbuild%2faix-ppc64 cache-miss
113 http cache https://registry.npmjs.org/@esbuild%2faix-ppc64 12ms (cache hit)
114 silly packumentCache full:https://registry.npmjs.org/@esbuild%2faix-ppc64 set size:64314 disposed:false
115 silly fetch manifest @esbuild/android-arm@0.25.12
116 silly packumentCache full:https://registry.npmjs.org/@esbuild%2fandroid-arm cache-miss
117 http cache https://registry.npmjs.org/@esbuild%2fandroid-arm 12ms (cache hit)
118 silly packumentCache full:https://registry.npmjs.org/@esbuild%2fandroid-arm set size:221749 disposed:false
119 silly fetch manifest @esbuild/android-arm64@0.25.12
120 silly packumentCache full:https://registry.npmjs.org/@esbuild%2fandroid-arm64 cache-miss
121 http cache https://registry.npmjs.org/@esbuild%2fandroid-arm64 10ms (cache hit)
122 silly packumentCache full:https://registry.npmjs.org/@esbuild%2fandroid-arm64 set size:200684 disposed:false
123 silly fetch manifest @esbuild/android-x64@0.25.12
124 silly packumentCache full:https://registry.npmjs.org/@esbuild%2fandroid-x64 cache-miss
125 http cache https://registry.npmjs.org/@esbuild%2fandroid-x64 9ms (cache hit)
126 silly packumentCache full:https://registry.npmjs.org/@esbuild%2fandroid-x64 set size:195551 disposed:false
127 silly fetch manifest @esbuild/darwin-arm64@0.25.12
128 silly packumentCache full:https://registry.npmjs.org/@esbuild%2fdarwin-arm64 cache-miss
129 http cache https://registry.npmjs.org/@esbuild%2fdarwin-arm64 8ms (cache hit)
130 silly packumentCache full:https://registry.npmjs.org/@esbuild%2fdarwin-arm64 set size:197958 disposed:false
131 silly fetch manifest @esbuild/darwin-x64@0.25.12
132 silly packumentCache full:https://registry.npmjs.org/@esbuild%2fdarwin-x64 cache-miss
133 http cache https://registry.npmjs.org/@esbuild%2fdarwin-x64 9ms (cache hit)
134 silly packumentCache full:https://registry.npmjs.org/@esbuild%2fdarwin-x64 set size:196195 disposed:false
135 silly fetch manifest @esbuild/freebsd-arm64@0.25.12
136 silly packumentCache full:https://registry.npmjs.org/@esbuild%2ffreebsd-arm64 cache-miss
137 http cache https://registry.npmjs.org/@esbuild%2ffreebsd-arm64 8ms (cache hit)
138 silly packumentCache full:https://registry.npmjs.org/@esbuild%2ffreebsd-arm64 set size:198853 disposed:false
139 silly fetch manifest @esbuild/freebsd-x64@0.25.12
140 silly packumentCache full:https://registry.npmjs.org/@esbuild%2ffreebsd-x64 cache-miss
141 http cache https://registry.npmjs.org/@esbuild%2ffreebsd-x64 11ms (cache hit)
142 silly packumentCache full:https://registry.npmjs.org/@esbuild%2ffreebsd-x64 set size:197070 disposed:false
143 silly fetch manifest @esbuild/linux-arm@0.25.12
144 silly packumentCache full:https://registry.npmjs.org/@esbuild%2flinux-arm cache-miss
145 http cache https://registry.npmjs.org/@esbuild%2flinux-arm 12ms (cache hit)
146 silly packumentCache full:https://registry.npmjs.org/@esbuild%2flinux-arm set size:195140 disposed:false
147 silly fetch manifest @esbuild/linux-arm64@0.25.12
148 silly packumentCache full:https://registry.npmjs.org/@esbuild%2flinux-arm64 cache-miss
149 http cache https://registry.npmjs.org/@esbuild%2flinux-arm64 11ms (cache hit)
150 silly packumentCache full:https://registry.npmjs.org/@esbuild%2flinux-arm64 set size:197274 disposed:false
151 silly fetch manifest @esbuild/linux-ia32@0.25.12
152 silly packumentCache full:https://registry.npmjs.org/@esbuild%2flinux-ia32 cache-miss
153 http cache https://registry.npmjs.org/@esbuild%2flinux-ia32 8ms (cache hit)
154 silly packumentCache full:https://registry.npmjs.org/@esbuild%2flinux-ia32 set size:196150 disposed:false
155 silly fetch manifest @esbuild/linux-loong64@0.25.12
156 silly packumentCache full:https://registry.npmjs.org/@esbuild%2flinux-loong64 cache-miss
157 http cache https://registry.npmjs.org/@esbuild%2flinux-loong64 15ms (cache hit)
158 silly packumentCache full:https://registry.npmjs.org/@esbuild%2flinux-loong64 set size:252211 disposed:false
159 silly fetch manifest @esbuild/linux-mips64el@0.25.12
160 silly packumentCache full:https://registry.npmjs.org/@esbuild%2flinux-mips64el cache-miss
161 http cache https://registry.npmjs.org/@esbuild%2flinux-mips64el 18ms (cache hit)
162 silly packumentCache full:https://registry.npmjs.org/@esbuild%2flinux-mips64el set size:201062 disposed:false
163 silly fetch manifest @esbuild/linux-ppc64@0.25.12
164 silly packumentCache full:https://registry.npmjs.org/@esbuild%2flinux-ppc64 cache-miss
165 http cache https://registry.npmjs.org/@esbuild%2flinux-ppc64 10ms (cache hit)
166 silly packumentCache full:https://registry.npmjs.org/@esbuild%2flinux-ppc64 set size:199310 disposed:false
167 silly fetch manifest @esbuild/linux-riscv64@0.25.12
168 silly packumentCache full:https://registry.npmjs.org/@esbuild%2flinux-riscv64 cache-miss
169 http cache https://registry.npmjs.org/@esbuild%2flinux-riscv64 8ms (cache hit)
170 silly packumentCache full:https://registry.npmjs.org/@esbuild%2flinux-riscv64 set size:198981 disposed:false
171 silly fetch manifest @esbuild/linux-s390x@0.25.12
172 silly packumentCache full:https://registry.npmjs.org/@esbuild%2flinux-s390x cache-miss
173 http cache https://registry.npmjs.org/@esbuild%2flinux-s390x 9ms (cache hit)
174 silly packumentCache full:https://registry.npmjs.org/@esbuild%2flinux-s390x set size:198784 disposed:false
175 silly fetch manifest @esbuild/linux-x64@0.25.12
176 silly packumentCache full:https://registry.npmjs.org/@esbuild%2flinux-x64 cache-miss
177 http cache https://registry.npmjs.org/@esbuild%2flinux-x64 9ms (cache hit)
178 silly packumentCache full:https://registry.npmjs.org/@esbuild%2flinux-x64 set size:195479 disposed:false
179 silly fetch manifest @esbuild/netbsd-arm64@0.25.12
180 silly packumentCache full:https://registry.npmjs.org/@esbuild%2fnetbsd-arm64 cache-miss
181 http cache https://registry.npmjs.org/@esbuild%2fnetbsd-arm64 10ms (cache hit)
182 silly packumentCache full:https://registry.npmjs.org/@esbuild%2fnetbsd-arm64 set size:40794 disposed:false
183 silly fetch manifest @esbuild/netbsd-x64@0.25.12
184 silly packumentCache full:https://registry.npmjs.org/@esbuild%2fnetbsd-x64 cache-miss
185 http cache https://registry.npmjs.org/@esbuild%2fnetbsd-x64 11ms (cache hit)
186 silly packumentCache full:https://registry.npmjs.org/@esbuild%2fnetbsd-x64 set size:193883 disposed:false
187 silly fetch manifest @esbuild/openbsd-arm64@0.25.12
188 silly packumentCache full:https://registry.npmjs.org/@esbuild%2fopenbsd-arm64 cache-miss
189 http cache https://registry.npmjs.org/@esbuild%2fopenbsd-arm64 17ms (cache hit)
190 silly packumentCache full:https://registry.npmjs.org/@esbuild%2fopenbsd-arm64 set size:46111 disposed:false
191 silly fetch manifest @esbuild/openbsd-x64@0.25.12
192 silly packumentCache full:https://registry.npmjs.org/@esbuild%2fopenbsd-x64 cache-miss
193 http cache https://registry.npmjs.org/@esbuild%2fopenbsd-x64 15ms (cache hit)
194 silly packumentCache full:https://registry.npmjs.org/@esbuild%2fopenbsd-x64 set size:197080 disposed:false
195 silly fetch manifest @esbuild/openharmony-arm64@0.25.12
196 silly packumentCache full:https://registry.npmjs.org/@esbuild%2fopenharmony-arm64 cache-miss
197 http cache https://registry.npmjs.org/@esbuild%2fopenharmony-arm64 11ms (cache hit)
198 silly packumentCache full:https://registry.npmjs.org/@esbuild%2fopenharmony-arm64 set size:29494 disposed:false
199 silly fetch manifest @esbuild/sunos-x64@0.25.12
200 silly packumentCache full:https://registry.npmjs.org/@esbuild%2fsunos-x64 cache-miss
201 http cache https://registry.npmjs.org/@esbuild%2fsunos-x64 14ms (cache hit)
202 silly packumentCache full:https://registry.npmjs.org/@esbuild%2fsunos-x64 set size:195721 disposed:false
203 silly fetch manifest @esbuild/win32-arm64@0.25.12
204 silly packumentCache full:https://registry.npmjs.org/@esbuild%2fwin32-arm64 cache-miss
205 http cache https://registry.npmjs.org/@esbuild%2fwin32-arm64 18ms (cache hit)
206 silly packumentCache full:https://registry.npmjs.org/@esbuild%2fwin32-arm64 set size:197504 disposed:false
207 silly fetch manifest @esbuild/win32-ia32@0.25.12
208 silly packumentCache full:https://registry.npmjs.org/@esbuild%2fwin32-ia32 cache-miss
209 http cache https://registry.npmjs.org/@esbuild%2fwin32-ia32 16ms (cache hit)
210 silly packumentCache full:https://registry.npmjs.org/@esbuild%2fwin32-ia32 set size:196374 disposed:false
211 silly placeDep ROOT @esbuild/aix-ppc64@0.25.12 OK for: esbuild@0.25.12 want: 0.25.12
212 silly placeDep ROOT @esbuild/android-arm@0.25.12 OK for: esbuild@0.25.12 want: 0.25.12
213 silly placeDep ROOT @esbuild/android-arm64@0.25.12 OK for: esbuild@0.25.12 want: 0.25.12
214 silly placeDep ROOT @esbuild/android-x64@0.25.12 OK for: esbuild@0.25.12 want: 0.25.12
215 silly placeDep ROOT @esbuild/darwin-arm64@0.25.12 OK for: esbuild@0.25.12 want: 0.25.12
216 silly placeDep ROOT @esbuild/darwin-x64@0.25.12 OK for: esbuild@0.25.12 want: 0.25.12
217 silly placeDep ROOT @esbuild/freebsd-arm64@0.25.12 OK for: esbuild@0.25.12 want: 0.25.12
218 silly placeDep ROOT @esbuild/freebsd-x64@0.25.12 OK for: esbuild@0.25.12 want: 0.25.12
219 silly placeDep ROOT @esbuild/linux-arm@0.25.12 OK for: esbuild@0.25.12 want: 0.25.12
220 silly placeDep ROOT @esbuild/linux-arm64@0.25.12 OK for: esbuild@0.25.12 want: 0.25.12
221 silly placeDep ROOT @esbuild/linux-ia32@0.25.12 OK for: esbuild@0.25.12 want: 0.25.12
222 silly placeDep ROOT @esbuild/linux-loong64@0.25.12 OK for: esbuild@0.25.12 want: 0.25.12
223 silly placeDep ROOT @esbuild/linux-mips64el@0.25.12 OK for: esbuild@0.25.12 want: 0.25.12
224 silly placeDep ROOT @esbuild/linux-ppc64@0.25.12 OK for: esbuild@0.25.12 want: 0.25.12
225 silly placeDep ROOT @esbuild/linux-riscv64@0.25.12 OK for: esbuild@0.25.12 want: 0.25.12
226 silly placeDep ROOT @esbuild/linux-s390x@0.25.12 OK for: esbuild@0.25.12 want: 0.25.12
227 silly placeDep ROOT @esbuild/linux-x64@0.25.12 OK for: esbuild@0.25.12 want: 0.25.12
228 silly placeDep ROOT @esbuild/netbsd-arm64@0.25.12 OK for: esbuild@0.25.12 want: 0.25.12
229 silly placeDep ROOT @esbuild/netbsd-x64@0.25.12 OK for: esbuild@0.25.12 want: 0.25.12
230 silly placeDep ROOT @esbuild/openbsd-arm64@0.25.12 OK for: esbuild@0.25.12 want: 0.25.12
231 silly placeDep ROOT @esbuild/openbsd-x64@0.25.12 OK for: esbuild@0.25.12 want: 0.25.12
232 silly placeDep ROOT @esbuild/openharmony-arm64@0.25.12 OK for: esbuild@0.25.12 want: 0.25.12
233 silly placeDep ROOT @esbuild/sunos-x64@0.25.12 OK for: esbuild@0.25.12 want: 0.25.12
234 silly placeDep ROOT @esbuild/win32-arm64@0.25.12 OK for: esbuild@0.25.12 want: 0.25.12
235 silly placeDep ROOT @esbuild/win32-ia32@0.25.12 OK for: esbuild@0.25.12 want: 0.25.12
236 silly fetch manifest lightningcss-darwin-x64@1.30.1
237 silly packumentCache full:https://registry.npmjs.org/lightningcss-darwin-x64 cache-miss
238 http cache https://registry.npmjs.org/lightningcss-darwin-x64 14ms (cache hit)
239 silly packumentCache full:https://registry.npmjs.org/lightningcss-darwin-x64 set size:78694 disposed:false
240 silly fetch manifest lightningcss-linux-x64-gnu@1.30.1
241 silly packumentCache full:https://registry.npmjs.org/lightningcss-linux-x64-gnu cache-miss
242 http cache https://registry.npmjs.org/lightningcss-linux-x64-gnu 11ms (cache hit)
243 silly packumentCache full:https://registry.npmjs.org/lightningcss-linux-x64-gnu set size:80105 disposed:false
244 silly fetch manifest lightningcss-win32-arm64-msvc@1.30.1
245 silly packumentCache full:https://registry.npmjs.org/lightningcss-win32-arm64-msvc cache-miss
246 http cache https://registry.npmjs.org/lightningcss-win32-arm64-msvc 24ms (cache hit)
247 silly packumentCache full:https://registry.npmjs.org/lightningcss-win32-arm64-msvc set size:26629 disposed:false
248 silly fetch manifest lightningcss-darwin-arm64@1.30.1
249 silly packumentCache full:https://registry.npmjs.org/lightningcss-darwin-arm64 cache-miss
250 http cache https://registry.npmjs.org/lightningcss-darwin-arm64 14ms (cache hit)
251 silly packumentCache full:https://registry.npmjs.org/lightningcss-darwin-arm64 set size:79276 disposed:false
252 silly fetch manifest lightningcss-linux-arm64-gnu@1.30.1
253 silly packumentCache full:https://registry.npmjs.org/lightningcss-linux-arm64-gnu cache-miss
254 http cache https://registry.npmjs.org/lightningcss-linux-arm64-gnu 13ms (cache hit)
255 silly packumentCache full:https://registry.npmjs.org/lightningcss-linux-arm64-gnu set size:80669 disposed:false
256 silly fetch manifest lightningcss-linux-arm-gnueabihf@1.30.1
257 silly packumentCache full:https://registry.npmjs.org/lightningcss-linux-arm-gnueabihf cache-miss
258 http cache https://registry.npmjs.org/lightningcss-linux-arm-gnueabihf 11ms (cache hit)
259 silly packumentCache full:https://registry.npmjs.org/lightningcss-linux-arm-gnueabihf set size:80903 disposed:false
260 silly fetch manifest lightningcss-linux-arm64-musl@1.30.1
261 silly packumentCache full:https://registry.npmjs.org/lightningcss-linux-arm64-musl cache-miss
262 http cache https://registry.npmjs.org/lightningcss-linux-arm64-musl 10ms (cache hit)
263 silly packumentCache full:https://registry.npmjs.org/lightningcss-linux-arm64-musl set size:80887 disposed:false
264 silly fetch manifest lightningcss-linux-x64-musl@1.30.1
265 silly packumentCache full:https://registry.npmjs.org/lightningcss-linux-x64-musl cache-miss
266 http cache https://registry.npmjs.org/lightningcss-linux-x64-musl 11ms (cache hit)
267 silly packumentCache full:https://registry.npmjs.org/lightningcss-linux-x64-musl set size:80313 disposed:false
268 silly fetch manifest lightningcss-freebsd-x64@1.30.1
269 silly packumentCache full:https://registry.npmjs.org/lightningcss-freebsd-x64 cache-miss
270 http cache https://registry.npmjs.org/lightningcss-freebsd-x64 8ms (cache hit)
271 silly packumentCache full:https://registry.npmjs.org/lightningcss-freebsd-x64 set size:42877 disposed:false
272 silly placeDep ROOT lightningcss-darwin-arm64@1.30.1 OK for: lightningcss@1.30.1 want: 1.30.1
273 silly placeDep ROOT lightningcss-darwin-x64@1.30.1 OK for: lightningcss@1.30.1 want: 1.30.1
274 silly placeDep ROOT lightningcss-freebsd-x64@1.30.1 OK for: lightningcss@1.30.1 want: 1.30.1
275 silly placeDep ROOT lightningcss-linux-arm-gnueabihf@1.30.1 OK for: lightningcss@1.30.1 want: 1.30.1
276 silly placeDep ROOT lightningcss-linux-arm64-gnu@1.30.1 OK for: lightningcss@1.30.1 want: 1.30.1
277 silly placeDep ROOT lightningcss-linux-arm64-musl@1.30.1 OK for: lightningcss@1.30.1 want: 1.30.1
278 silly placeDep ROOT lightningcss-linux-x64-gnu@1.30.1 OK for: lightningcss@1.30.1 want: 1.30.1
279 silly placeDep ROOT lightningcss-linux-x64-musl@1.30.1 OK for: lightningcss@1.30.1 want: 1.30.1
280 silly placeDep ROOT lightningcss-win32-arm64-msvc@1.30.1 OK for: lightningcss@1.30.1 want: 1.30.1
281 silly fetch manifest fsevents@~2.3.2
282 silly packumentCache full:https://registry.npmjs.org/fsevents cache-miss
283 http cache https://registry.npmjs.org/fsevents 11ms (cache hit)
284 silly packumentCache full:https://registry.npmjs.org/fsevents set size:182472 disposed:false
285 silly fetch manifest @rollup/rollup-darwin-arm64@4.61.1
286 silly packumentCache full:https://registry.npmjs.org/@rollup%2frollup-darwin-arm64 cache-miss
287 http cache https://registry.npmjs.org/@rollup%2frollup-darwin-arm64 21ms (cache hit)
288 silly packumentCache full:https://registry.npmjs.org/@rollup%2frollup-darwin-arm64 set size:341440 disposed:false
289 silly fetch manifest @rollup/rollup-android-arm64@4.61.1
290 silly packumentCache full:https://registry.npmjs.org/@rollup%2frollup-android-arm64 cache-miss
291 http cache https://registry.npmjs.org/@rollup%2frollup-android-arm64 13ms (cache hit)
292 silly packumentCache full:https://registry.npmjs.org/@rollup%2frollup-android-arm64 set size:342960 disposed:false
293 silly fetch manifest @rollup/rollup-win32-arm64-msvc@4.61.1
294 silly packumentCache full:https://registry.npmjs.org/@rollup%2frollup-win32-arm64-msvc cache-miss
295 http cache https://registry.npmjs.org/@rollup%2frollup-win32-arm64-msvc 12ms (cache hit)
296 silly packumentCache full:https://registry.npmjs.org/@rollup%2frollup-win32-arm64-msvc set size:346391 disposed:false
297 silly fetch manifest @rollup/rollup-freebsd-arm64@4.61.1
298 silly packumentCache full:https://registry.npmjs.org/@rollup%2frollup-freebsd-arm64 cache-miss
299 http cache https://registry.npmjs.org/@rollup%2frollup-freebsd-arm64 12ms (cache hit)
300 silly packumentCache full:https://registry.npmjs.org/@rollup%2frollup-freebsd-arm64 set size:191163 disposed:false
301 silly fetch manifest @rollup/rollup-linux-arm64-gnu@4.61.1
302 silly packumentCache full:https://registry.npmjs.org/@rollup%2frollup-linux-arm64-gnu cache-miss
303 http cache https://registry.npmjs.org/@rollup%2frollup-linux-arm64-gnu 14ms (cache hit)
304 silly packumentCache full:https://registry.npmjs.org/@rollup%2frollup-linux-arm64-gnu set size:348657 disposed:false
305 silly fetch manifest @rollup/rollup-linux-arm64-musl@4.61.1
306 silly packumentCache full:https://registry.npmjs.org/@rollup%2frollup-linux-arm64-musl cache-miss
307 http cache https://registry.npmjs.org/@rollup%2frollup-linux-arm64-musl 12ms (cache hit)
308 silly packumentCache full:https://registry.npmjs.org/@rollup%2frollup-linux-arm64-musl set size:304059 disposed:false
309 silly fetch manifest @rollup/rollup-android-arm-eabi@4.61.1
310 silly packumentCache full:https://registry.npmjs.org/@rollup%2frollup-android-arm-eabi cache-miss
311 http cache https://registry.npmjs.org/@rollup%2frollup-android-arm-eabi 12ms (cache hit)
312 silly packumentCache full:https://registry.npmjs.org/@rollup%2frollup-android-arm-eabi set size:346401 disposed:false
313 silly fetch manifest @rollup/rollup-linux-arm-gnueabihf@4.61.1
314 silly packumentCache full:https://registry.npmjs.org/@rollup%2frollup-linux-arm-gnueabihf cache-miss
315 http cache https://registry.npmjs.org/@rollup%2frollup-linux-arm-gnueabihf 15ms (cache hit)
316 silly packumentCache full:https://registry.npmjs.org/@rollup%2frollup-linux-arm-gnueabihf set size:352208 disposed:false
317 silly fetch manifest @rollup/rollup-linux-arm-musleabihf@4.61.1
318 silly packumentCache full:https://registry.npmjs.org/@rollup%2frollup-linux-arm-musleabihf cache-miss
319 http cache https://registry.npmjs.org/@rollup%2frollup-linux-arm-musleabihf 11ms (cache hit)
320 silly packumentCache full:https://registry.npmjs.org/@rollup%2frollup-linux-arm-musleabihf set size:246397 disposed:false
321 silly fetch manifest @rollup/rollup-win32-ia32-msvc@4.61.1
322 silly packumentCache full:https://registry.npmjs.org/@rollup%2frollup-win32-ia32-msvc cache-miss
323 http cache https://registry.npmjs.org/@rollup%2frollup-win32-ia32-msvc 12ms (cache hit)
324 silly packumentCache full:https://registry.npmjs.org/@rollup%2frollup-win32-ia32-msvc set size:344890 disposed:false
325 silly fetch manifest @rollup/rollup-linux-loong64-gnu@4.61.1
326 silly packumentCache full:https://registry.npmjs.org/@rollup%2frollup-linux-loong64-gnu cache-miss
327 http cache https://registry.npmjs.org/@rollup%2frollup-linux-loong64-gnu 56ms (cache hit)
328 silly packumentCache full:https://registry.npmjs.org/@rollup%2frollup-linux-loong64-gnu set size:73153 disposed:false
329 silly fetch manifest @rollup/rollup-linux-loong64-musl@4.61.1
330 silly packumentCache full:https://registry.npmjs.org/@rollup%2frollup-linux-loong64-musl cache-miss
331 http cache https://registry.npmjs.org/@rollup%2frollup-linux-loong64-musl 9ms (cache hit)
332 silly packumentCache full:https://registry.npmjs.org/@rollup%2frollup-linux-loong64-musl set size:35170 disposed:false
333 silly fetch manifest @rollup/rollup-linux-riscv64-gnu@4.61.1
334 silly packumentCache full:https://registry.npmjs.org/@rollup%2frollup-linux-riscv64-gnu cache-miss
335 http cache https://registry.npmjs.org/@rollup%2frollup-linux-riscv64-gnu 10ms (cache hit)
336 silly packumentCache full:https://registry.npmjs.org/@rollup%2frollup-linux-riscv64-gnu set size:274840 disposed:false
337 silly fetch manifest @rollup/rollup-linux-riscv64-musl@4.61.1
338 silly packumentCache full:https://registry.npmjs.org/@rollup%2frollup-linux-riscv64-musl cache-miss
339 http cache https://registry.npmjs.org/@rollup%2frollup-linux-riscv64-musl 10ms (cache hit)
340 silly packumentCache full:https://registry.npmjs.org/@rollup%2frollup-linux-riscv64-musl set size:120836 disposed:false
341 silly fetch manifest @rollup/rollup-linux-ppc64-gnu@4.61.1
342 silly packumentCache full:https://registry.npmjs.org/@rollup%2frollup-linux-ppc64-gnu cache-miss
343 http cache https://registry.npmjs.org/@rollup%2frollup-linux-ppc64-gnu 14ms (cache hit)
344 silly packumentCache full:https://registry.npmjs.org/@rollup%2frollup-linux-ppc64-gnu set size:93339 disposed:false
345 silly fetch manifest @rollup/rollup-linux-ppc64-musl@4.61.1
346 silly packumentCache full:https://registry.npmjs.org/@rollup%2frollup-linux-ppc64-musl cache-miss
347 http cache https://registry.npmjs.org/@rollup%2frollup-linux-ppc64-musl 11ms (cache hit)
348 silly packumentCache full:https://registry.npmjs.org/@rollup%2frollup-linux-ppc64-musl set size:34879 disposed:false
349 silly fetch manifest @rollup/rollup-linux-s390x-gnu@4.61.1
350 silly packumentCache full:https://registry.npmjs.org/@rollup%2frollup-linux-s390x-gnu cache-miss
351 http cache https://registry.npmjs.org/@rollup%2frollup-linux-s390x-gnu 14ms (cache hit)
352 silly packumentCache full:https://registry.npmjs.org/@rollup%2frollup-linux-s390x-gnu set size:248507 disposed:false
353 silly fetch manifest @rollup/rollup-darwin-x64@4.61.1
354 silly packumentCache full:https://registry.npmjs.org/@rollup%2frollup-darwin-x64 cache-miss
355 http cache https://registry.npmjs.org/@rollup%2frollup-darwin-x64 11ms (cache hit)
356 silly packumentCache full:https://registry.npmjs.org/@rollup%2frollup-darwin-x64 set size:336611 disposed:false
357 silly fetch manifest @rollup/rollup-freebsd-x64@4.61.1
358 silly packumentCache full:https://registry.npmjs.org/@rollup%2frollup-freebsd-x64 cache-miss
359 http cache https://registry.npmjs.org/@rollup%2frollup-freebsd-x64 11ms (cache hit)
360 silly packumentCache full:https://registry.npmjs.org/@rollup%2frollup-freebsd-x64 set size:189223 disposed:false
361 silly fetch manifest @rollup/rollup-linux-x64-gnu@4.61.1
362 silly packumentCache full:https://registry.npmjs.org/@rollup%2frollup-linux-x64-gnu cache-miss
363 http cache https://registry.npmjs.org/@rollup%2frollup-linux-x64-gnu 14ms (cache hit)
364 silly packumentCache full:https://registry.npmjs.org/@rollup%2frollup-linux-x64-gnu set size:343765 disposed:false
365 silly fetch manifest @rollup/rollup-linux-x64-musl@4.61.1
366 silly packumentCache full:https://registry.npmjs.org/@rollup%2frollup-linux-x64-musl cache-miss
367 http cache https://registry.npmjs.org/@rollup%2frollup-linux-x64-musl 9ms (cache hit)
368 silly packumentCache full:https://registry.npmjs.org/@rollup%2frollup-linux-x64-musl set size:343127 disposed:false
369 silly fetch manifest @rollup/rollup-openbsd-x64@4.61.1
370 silly packumentCache full:https://registry.npmjs.org/@rollup%2frollup-openbsd-x64 cache-miss
371 http cache https://registry.npmjs.org/@rollup%2frollup-openbsd-x64 10ms (cache hit)
372 silly packumentCache full:https://registry.npmjs.org/@rollup%2frollup-openbsd-x64 set size:33968 disposed:false
373 silly fetch manifest @rollup/rollup-openharmony-arm64@4.61.1
374 silly packumentCache full:https://registry.npmjs.org/@rollup%2frollup-openharmony-arm64 cache-miss
375 http cache https://registry.npmjs.org/@rollup%2frollup-openharmony-arm64 8ms (cache hit)
376 silly packumentCache full:https://registry.npmjs.org/@rollup%2frollup-openharmony-arm64 set size:74005 disposed:false
377 silly placeDep ROOT @rollup/rollup-android-arm-eabi@4.61.1 OK for: rollup@4.61.1 want: 4.61.1
378 silly placeDep ROOT @rollup/rollup-android-arm64@4.61.1 OK for: rollup@4.61.1 want: 4.61.1
379 silly placeDep ROOT @rollup/rollup-darwin-arm64@4.61.1 OK for: rollup@4.61.1 want: 4.61.1
380 silly placeDep ROOT @rollup/rollup-darwin-x64@4.61.1 OK for: rollup@4.61.1 want: 4.61.1
381 silly placeDep ROOT @rollup/rollup-freebsd-arm64@4.61.1 OK for: rollup@4.61.1 want: 4.61.1
382 silly placeDep ROOT @rollup/rollup-freebsd-x64@4.61.1 OK for: rollup@4.61.1 want: 4.61.1
383 silly placeDep ROOT @rollup/rollup-linux-arm-gnueabihf@4.61.1 OK for: rollup@4.61.1 want: 4.61.1
384 silly placeDep ROOT @rollup/rollup-linux-arm-musleabihf@4.61.1 OK for: rollup@4.61.1 want: 4.61.1
385 silly placeDep ROOT @rollup/rollup-linux-arm64-gnu@4.61.1 OK for: rollup@4.61.1 want: 4.61.1
386 silly placeDep ROOT @rollup/rollup-linux-arm64-musl@4.61.1 OK for: rollup@4.61.1 want: 4.61.1
387 silly placeDep ROOT @rollup/rollup-linux-loong64-gnu@4.61.1 OK for: rollup@4.61.1 want: 4.61.1
388 silly placeDep ROOT @rollup/rollup-linux-loong64-musl@4.61.1 OK for: rollup@4.61.1 want: 4.61.1
389 silly placeDep ROOT @rollup/rollup-linux-ppc64-gnu@4.61.1 OK for: rollup@4.61.1 want: 4.61.1
390 silly placeDep ROOT @rollup/rollup-linux-ppc64-musl@4.61.1 OK for: rollup@4.61.1 want: 4.61.1
391 silly placeDep ROOT @rollup/rollup-linux-riscv64-gnu@4.61.1 OK for: rollup@4.61.1 want: 4.61.1
392 silly placeDep ROOT @rollup/rollup-linux-riscv64-musl@4.61.1 OK for: rollup@4.61.1 want: 4.61.1
393 silly placeDep ROOT @rollup/rollup-linux-s390x-gnu@4.61.1 OK for: rollup@4.61.1 want: 4.61.1
394 silly placeDep ROOT @rollup/rollup-linux-x64-gnu@4.61.1 OK for: rollup@4.61.1 want: 4.61.1
395 silly placeDep ROOT @rollup/rollup-linux-x64-musl@4.61.1 OK for: rollup@4.61.1 want: 4.61.1
396 silly placeDep ROOT @rollup/rollup-openbsd-x64@4.61.1 OK for: rollup@4.61.1 want: 4.61.1
397 silly placeDep ROOT @rollup/rollup-openharmony-arm64@4.61.1 OK for: rollup@4.61.1 want: 4.61.1
398 silly placeDep ROOT @rollup/rollup-win32-arm64-msvc@4.61.1 OK for: rollup@4.61.1 want: 4.61.1
399 silly placeDep ROOT @rollup/rollup-win32-ia32-msvc@4.61.1 OK for: rollup@4.61.1 want: 4.61.1
400 silly placeDep ROOT fsevents@2.3.3 OK for: rollup@4.61.1 want: ~2.3.2
401 silly reify mark retired [
401 silly reify   'C:\\Users\\Narayan\\Downloads\\Sports Registration Website (2)\\node_modules\\lucide-react'
401 silly reify ]
402 silly reify mark retired [
402 silly reify   'C:\\Users\\Narayan\\Downloads\\Sports Registration Website (2)\\node_modules\\@mui\\icons-material'
402 silly reify ]
403 silly reify mark retired [
403 silly reify   'C:\\Users\\Narayan\\Downloads\\Sports Registration Website (2)\\node_modules\\baseline-browser-mapping',
403 silly reify   'C:\\Users\\Narayan\\Downloads\\Sports Registration Website (2)\\node_modules\\.bin\\baseline-browser-mapping',
403 silly reify   'C:\\Users\\Narayan\\Downloads\\Sports Registration Website (2)\\node_modules\\.bin\\baseline-browser-mapping.cmd',
403 silly reify   'C:\\Users\\Narayan\\Downloads\\Sports Registration Website (2)\\node_modules\\.bin\\baseline-browser-mapping.ps1'
403 silly reify ]
404 silly reify mark retired [
404 silly reify   'C:\\Users\\Narayan\\Downloads\\Sports Registration Website (2)\\node_modules\\browserslist',
404 silly reify   'C:\\Users\\Narayan\\Downloads\\Sports Registration Website (2)\\node_modules\\.bin\\browserslist',
404 silly reify   'C:\\Users\\Narayan\\Downloads\\Sports Registration Website (2)\\node_modules\\.bin\\browserslist.cmd',
404 silly reify   'C:\\Users\\Narayan\\Downloads\\Sports Registration Website (2)\\node_modules\\.bin\\browserslist.ps1'
404 silly reify ]
405 silly reify mark retired [
405 silly reify   'C:\\Users\\Narayan\\Downloads\\Sports Registration Website (2)\\node_modules\\crc-32',
405 silly reify   'C:\\Users\\Narayan\\Downloads\\Sports Registration Website (2)\\node_modules\\.bin\\crc32',
405 silly reify   'C:\\Users\\Narayan\\Downloads\\Sports Registration Website (2)\\node_modules\\.bin\\crc32.cmd',
405 silly reify   'C:\\Users\\Narayan\\Downloads\\Sports Registration Website (2)\\node_modules\\.bin\\crc32.ps1'
405 silly reify ]
406 silly reify mark retired [
406 silly reify   'C:\\Users\\Narayan\\Downloads\\Sports Registration Website (2)\\node_modules\\esbuild',
406 silly reify   'C:\\Users\\Narayan\\Downloads\\Sports Registration Website (2)\\node_modules\\.bin\\esbuild',
406 silly reify   'C:\\Users\\Narayan\\Downloads\\Sports Registration Website (2)\\node_modules\\.bin\\esbuild.cmd',
406 silly reify   'C:\\Users\\Narayan\\Downloads\\Sports Registration Website (2)\\node_modules\\.bin\\esbuild.ps1'
406 silly reify ]
407 silly reify mark retired [
407 silly reify   'C:\\Users\\Narayan\\Downloads\\Sports Registration Website (2)\\node_modules\\jiti',
407 silly reify   'C:\\Users\\Narayan\\Downloads\\Sports Registration Website (2)\\node_modules\\.bin\\jiti',
407 silly reify   'C:\\Users\\Narayan\\Downloads\\Sports Registration Website (2)\\node_modules\\.bin\\jiti.cmd',
407 silly reify   'C:\\Users\\Narayan\\Downloads\\Sports Registration Website (2)\\node_modules\\.bin\\jiti.ps1'
407 silly reify ]
408 silly reify mark retired [
408 silly reify   'C:\\Users\\Narayan\\Downloads\\Sports Registration Website (2)\\node_modules\\jsesc',
408 silly reify   'C:\\Users\\Narayan\\Downloads\\Sports Registration Website (2)\\node_modules\\.bin\\jsesc',
408 silly reify   'C:\\Users\\Narayan\\Downloads\\Sports Registration Website (2)\\node_modules\\.bin\\jsesc.cmd',
408 silly reify   'C:\\Users\\Narayan\\Downloads\\Sports Registration Website (2)\\node_modules\\.bin\\jsesc.ps1'
408 silly reify ]
409 silly reify mark retired [
409 silly reify   'C:\\Users\\Narayan\\Downloads\\Sports Registration Website (2)\\node_modules\\json5',
409 silly reify   'C:\\Users\\Narayan\\Downloads\\Sports Registration Website (2)\\node_modules\\.bin\\json5',
409 silly reify   'C:\\Users\\Narayan\\Downloads\\Sports Registration Website (2)\\node_modules\\.bin\\json5.cmd',
409 silly reify   'C:\\Users\\Narayan\\Downloads\\Sports Registration Website (2)\\node_modules\\.bin\\json5.ps1'
409 silly reify ]
410 silly reify mark retired [
410 silly reify   'C:\\Users\\Narayan\\Downloads\\Sports Registration Website (2)\\node_modules\\loose-envify',
410 silly reify   'C:\\Users\\Narayan\\Downloads\\Sports Registration Website (2)\\node_modules\\.bin\\loose-envify',
410 silly reify   'C:\\Users\\Narayan\\Downloads\\Sports Registration Website (2)\\node_modules\\.bin\\loose-envify.cmd',
410 silly reify   'C:\\Users\\Narayan\\Downloads\\Sports Registration Website (2)\\node_modules\\.bin\\loose-envify.ps1'
410 silly reify ]
411 silly reify mark retired [
411 silly reify   'C:\\Users\\Narayan\\Downloads\\Sports Registration Website (2)\\node_modules\\nanoid',
411 silly reify   'C:\\Users\\Narayan\\Downloads\\Sports Registration Website (2)\\node_modules\\.bin\\nanoid',
411 silly reify   'C:\\Users\\Narayan\\Downloads\\Sports Registration Website (2)\\node_modules\\.bin\\nanoid.cmd',
411 silly reify   'C:\\Users\\Narayan\\Downloads\\Sports Registration Website (2)\\node_modules\\.bin\\nanoid.ps1'
411 silly reify ]
412 silly reify mark retired [
412 silly reify   'C:\\Users\\Narayan\\Downloads\\Sports Registration Website (2)\\node_modules\\resolve',
412 silly reify   'C:\\Users\\Narayan\\Downloads\\Sports Registration Website (2)\\node_modules\\.bin\\resolve',
412 silly reify   'C:\\Users\\Narayan\\Downloads\\Sports Registration Website (2)\\node_modules\\.bin\\resolve.cmd',
412 silly reify   'C:\\Users\\Narayan\\Downloads\\Sports Registration Website (2)\\node_modules\\.bin\\resolve.ps1'
412 silly reify ]
413 silly reify mark retired [
413 silly reify   'C:\\Users\\Narayan\\Downloads\\Sports Registration Website (2)\\node_modules\\rollup',
413 silly reify   'C:\\Users\\Narayan\\Downloads\\Sports Registration Website (2)\\node_modules\\.bin\\rollup',
413 silly reify   'C:\\Users\\Narayan\\Downloads\\Sports Registration Website (2)\\node_modules\\.bin\\rollup.cmd',
413 silly reify   'C:\\Users\\Narayan\\Downloads\\Sports Registration Website (2)\\node_modules\\.bin\\rollup.ps1'
413 silly reify ]
414 silly reify mark retired [
414 silly reify   'C:\\Users\\Narayan\\Downloads\\Sports Registration Website (2)\\node_modules\\semver',
414 silly reify   'C:\\Users\\Narayan\\Downloads\\Sports Registration Website (2)\\node_modules\\.bin\\semver',
414 silly reify   'C:\\Users\\Narayan\\Downloads\\Sports Registration Website (2)\\node_modules\\.bin\\semver.cmd',
414 silly reify   'C:\\Users\\Narayan\\Downloads\\Sports Registration Website (2)\\node_modules\\.bin\\semver.ps1'
414 silly reify ]
415 silly reify mark retired [
415 silly reify   'C:\\Users\\Narayan\\Downloads\\Sports Registration Website (2)\\node_modules\\update-browserslist-db',
415 silly reify   'C:\\Users\\Narayan\\Downloads\\Sports Registration Website (2)\\node_modules\\.bin\\update-browserslist-db',
415 silly reify   'C:\\Users\\Narayan\\Downloads\\Sports Registration Website (2)\\node_modules\\.bin\\update-browserslist-db.cmd',
415 silly reify   'C:\\Users\\Narayan\\Downloads\\Sports Registration Website (2)\\node_modules\\.bin\\update-browserslist-db.ps1'
415 silly reify ]
416 silly reify mark retired [
416 silly reify   'C:\\Users\\Narayan\\Downloads\\Sports Registration Website (2)\\node_modules\\vite',
416 silly reify   'C:\\Users\\Narayan\\Downloads\\Sports Registration Website (2)\\node_modules\\.bin\\vite',
416 silly reify   'C:\\Users\\Narayan\\Downloads\\Sports Registration Website (2)\\node_modules\\.bin\\vite.cmd',
416 silly reify   'C:\\Users\\Narayan\\Downloads\\Sports Registration Website (2)\\node_modules\\.bin\\vite.ps1'
416 silly reify ]
417 silly reify mark retired [
417 silly reify   'C:\\Users\\Narayan\\Downloads\\Sports Registration Website (2)\\node_modules\\xlsx',
417 silly reify   'C:\\Users\\Narayan\\Downloads\\Sports Registration Website (2)\\node_modules\\.bin\\xlsx',
417 silly reify   'C:\\Users\\Narayan\\Downloads\\Sports Registration Website (2)\\node_modules\\.bin\\xlsx.cmd',
417 silly reify   'C:\\Users\\Narayan\\Downloads\\Sports Registration Website (2)\\node_modules\\.bin\\xlsx.ps1'
417 silly reify ]
418 silly reify mark retired [
418 silly reify   'C:\\Users\\Narayan\\Downloads\\Sports Registration Website (2)\\node_modules\\yaml',
418 silly reify   'C:\\Users\\Narayan\\Downloads\\Sports Registration Website (2)\\node_modules\\.bin\\yaml',
418 silly reify   'C:\\Users\\Narayan\\Downloads\\Sports Registration Website (2)\\node_modules\\.bin\\yaml.cmd',
418 silly reify   'C:\\Users\\Narayan\\Downloads\\Sports Registration Website (2)\\node_modules\\.bin\\yaml.ps1'
418 silly reify ]
419 silly reify mark retired [
419 silly reify   'C:\\Users\\Narayan\\Downloads\\Sports Registration Website (2)\\node_modules\\@babel\\parser',
419 silly reify   'C:\\Users\\Narayan\\Downloads\\Sports Registration Website (2)\\node_modules\\.bin\\parser',
419 silly reify   'C:\\Users\\Narayan\\Downloads\\Sports Registration Website (2)\\node_modules\\.bin\\parser.cmd',
419 silly reify   'C:\\Users\\Narayan\\Downloads\\Sports Registration Website (2)\\node_modules\\.bin\\parser.ps1'
419 silly reify ]
420 silly reify moves {
420 silly reify   'C:\\Users\\Narayan\\Downloads\\Sports Registration Website (2)\\node_modules\\lucide-react': 'C:\\Users\\Narayan\\Downloads\\Sports Registration Website (2)\\node_modules\\.lucide-react-PzgHDc8H',
420 silly reify   'C:\\Users\\Narayan\\Downloads\\Sports Registration Website (2)\\node_modules\\@mui\\icons-material': 'C:\\Users\\Narayan\\Downloads\\Sports Registration Website (2)\\node_modules\\@mui\\.icons-material-2isW7waX',
420 silly reify   'C:\\Users\\Narayan\\Downloads\\Sports Registration Website (2)\\node_modules\\baseline-browser-mapping': 'C:\\Users\\Narayan\\Downloads\\Sports Registration Website (2)\\node_modules\\.baseline-browser-mapping-aMPj0fx6',
420 silly reify   'C:\\Users\\Narayan\\Downloads\\Sports Registration Website (2)\\node_modules\\.bin\\baseline-browser-mapping': 'C:\\Users\\Narayan\\Downloads\\Sports Registration Website (2)\\node_modules\\.bin\\.baseline-browser-mapping-6vRtDZ4i',
420 silly reify   'C:\\Users\\Narayan\\Downloads\\Sports Registration Website (2)\\node_modules\\.bin\\baseline-browser-mapping.cmd': 'C:\\Users\\Narayan\\Downloads\\Sports Registration Website (2)\\node_modules\\.bin\\.baseline-browser-mapping.cmd-4mOhHQWW',
420 silly reify   'C:\\Users\\Narayan\\Downloads\\Sports Registration Website (2)\\node_modules\\.bin\\baseline-browser-mapping.ps1': 'C:\\Users\\Narayan\\Downloads\\Sports Registration Website (2)\\node_modules\\.bin\\.baseline-browser-mapping.ps1-Wh6FwGj8',
420 silly reify   'C:\\Users\\Narayan\\Downloads\\Sports Registration Website (2)\\node_modules\\browserslist': 'C:\\Users\\Narayan\\Downloads\\Sports Registration Website (2)\\node_modules\\.browserslist-z65Wf72D',
420 silly reify   'C:\\Users\\Narayan\\Downloads\\Sports Registration Website (2)\\node_modules\\.bin\\browserslist': 'C:\\Users\\Narayan\\Downloads\\Sports Registration Website (2)\\node_modules\\.bin\\.browserslist-5Z65aYTV',
420 silly reify   'C:\\Users\\Narayan\\Downloads\\Sports Registration Website (2)\\node_modules\\.bin\\browserslist.cmd': 'C:\\Users\\Narayan\\Downloads\\Sports Registration Website (2)\\node_modules\\.bin\\.browserslist.cmd-fEkuWYra',
420 silly reify   'C:\\Users\\Narayan\\Downloads\\Sports Registration Website (2)\\node_modules\\.bin\\browserslist.ps1': 'C:\\Users\\Narayan\\Downloads\\Sports Registration Website (2)\\node_modules\\.bin\\.browserslist.ps1-EkTPy7Un',
420 silly reify   'C:\\Users\\Narayan\\Downloads\\Sports Registration Website (2)\\node_modules\\crc-32': 'C:\\Users\\Narayan\\Downloads\\Sports Registration Website (2)\\node_modules\\.crc-32-TI3bacvt',
420 silly reify   'C:\\Users\\Narayan\\Downloads\\Sports Registration Website (2)\\node_modules\\.bin\\crc32': 'C:\\Users\\Narayan\\Downloads\\Sports Registration Website (2)\\node_modules\\.bin\\.crc32-9nkUjJsM',
420 silly reify   'C:\\Users\\Narayan\\Downloads\\Sports Registration Website (2)\\node_modules\\.bin\\crc32.cmd': 'C:\\Users\\Narayan\\Downloads\\Sports Registration Website (2)\\node_modules\\.bin\\.crc32.cmd-YF5r1Riq',
420 silly reify   'C:\\Users\\Narayan\\Downloads\\Sports Registration Website (2)\\node_modules\\.bin\\crc32.ps1': 'C:\\Users\\Narayan\\Downloads\\Sports Registration Website (2)\\node_modules\\.bin\\.crc32.ps1-fIkjCbcG',
420 silly reify   'C:\\Users\\Narayan\\Downloads\\Sports Registration Website (2)\\node_modules\\esbuild': 'C:\\Users\\Narayan\\Downloads\\Sports Registration Website (2)\\node_modules\\.esbuild-wHC0PWjQ',
420 silly reify   'C:\\Users\\Narayan\\Downloads\\Sports Registration Website (2)\\node_modules\\.bin\\esbuild': 'C:\\Users\\Narayan\\Downloads\\Sports Registration Website (2)\\node_modules\\.bin\\.esbuild-qax6OUzH',
420 silly reify   'C:\\Users\\Narayan\\Downloads\\Sports Registration Website (2)\\node_modules\\.bin\\esbuild.cmd': 'C:\\Users\\Narayan\\Downloads\\Sports Registration Website (2)\\node_modules\\.bin\\.esbuild.cmd-c2se21YM',
420 silly reify   'C:\\Users\\Narayan\\Downloads\\Sports Registration Website (2)\\node_modules\\.bin\\esbuild.ps1': 'C:\\Users\\Narayan\\Downloads\\Sports Registration Website (2)\\node_modules\\.bin\\.esbuild.ps1-58ENbUkT',
420 silly reify   'C:\\Users\\Narayan\\Downloads\\Sports Registration Website (2)\\node_modules\\jiti': 'C:\\Users\\Narayan\\Downloads\\Sports Registration Website (2)\\node_modules\\.jiti-HvR23CP8',
420 silly reify   'C:\\Users\\Narayan\\Downloads\\Sports Registration Website (2)\\node_modules\\.bin\\jiti': 'C:\\Users\\Narayan\\Downloads\\Sports Registration Website (2)\\node_modules\\.bin\\.jiti-3KLyQmvG',
420 silly reify   'C:\\Users\\Narayan\\Downloads\\Sports Registration Website (2)\\node_modules\\.bin\\jiti.cmd': 'C:\\Users\\Narayan\\Downloads\\Sports Registration Website (2)\\node_modules\\.bin\\.jiti.cmd-LB6UdF6t',
420 silly reify   'C:\\Users\\Narayan\\Downloads\\Sports Registration Website (2)\\node_modules\\.bin\\jiti.ps1': 'C:\\Users\\Narayan\\Downloads\\Sports Registration Website (2)\\node_modules\\.bin\\.jiti.ps1-tmesX1qW',
420 silly reify   'C:\\Users\\Narayan\\Downloads\\Sports Registration Website (2)\\node_modules\\jsesc': 'C:\\Users\\Narayan\\Downloads\\Sports Registration Website (2)\\node_modules\\.jsesc-qFx1U65W',
420 silly reify   'C:\\Users\\Narayan\\Downloads\\Sports Registration Website (2)\\node_modules\\.bin\\jsesc': 'C:\\Users\\Narayan\\Downloads\\Sports Registration Website (2)\\node_modules\\.bin\\.jsesc-5pdBRI7W',
420 silly reify   'C:\\Users\\Narayan\\Downloads\\Sports Registration Website (2)\\node_modules\\.bin\\jsesc.cmd': 'C:\\Users\\Narayan\\Downloads\\Sports Registration Website (2)\\node_modules\\.bin\\.jsesc.cmd-ObZgxNWt',
420 silly reify   'C:\\Users\\Narayan\\Downloads\\Sports Registration Website (2)\\node_modules\\.bin\\jsesc.ps1': 'C:\\Users\\Narayan\\Downloads\\Sports Registration Website (2)\\node_modules\\.bin\\.jsesc.ps1-EI8U0XGO',
420 silly reify   'C:\\Users\\Narayan\\Downloads\\Sports Registration Website (2)\\node_modules\\json5': 'C:\\Users\\Narayan\\Downloads\\Sports Registration Website (2)\\node_modules\\.json5-n7DDPMWf',
420 silly reify   'C:\\Users\\Narayan\\Downloads\\Sports Registration Website (2)\\node_modules\\.bin\\json5': 'C:\\Users\\Narayan\\Downloads\\Sports Registration Website (2)\\node_modules\\.bin\\.json5-6kRGR1ac',
420 silly reify   'C:\\Users\\Narayan\\Downloads\\Sports Registration Website (2)\\node_modules\\.bin\\json5.cmd': 'C:\\Users\\Narayan\\Downloads\\Sports Registration Website (2)\\node_modules\\.bin\\.json5.cmd-nVFFiUg6',
420 silly reify   'C:\\Users\\Narayan\\Downloads\\Sports Registration Website (2)\\node_modules\\.bin\\json5.ps1': 'C:\\Users\\Narayan\\Downloads\\Sports Registration Website (2)\\node_modules\\.bin\\.json5.ps1-Zgd8Jgsy',
420 silly reify   'C:\\Users\\Narayan\\Downloads\\Sports Registration Website (2)\\node_modules\\loose-envify': 'C:\\Users\\Narayan\\Downloads\\Sports Registration Website (2)\\node_modules\\.loose-envify-P0LM6mvc',
420 silly reify   'C:\\Users\\Narayan\\Downloads\\Sports Registration Website (2)\\node_modules\\.bin\\loose-envify': 'C:\\Users\\Narayan\\Downloads\\Sports Registration Website (2)\\node_modules\\.bin\\.loose-envify-wLejA7Am',
420 silly reify   'C:\\Users\\Narayan\\Downloads\\Sports Registration Website (2)\\node_modules\\.bin\\loose-envify.cmd': 'C:\\Users\\Narayan\\Downloads\\Sports Registration Website (2)\\node_modules\\.bin\\.loose-envify.cmd-h7A37v58',
420 silly reify   'C:\\Users\\Narayan\\Downloads\\Sports Registration Website (2)\\node_modules\\.bin\\loose-envify.ps1': 'C:\\Users\\Narayan\\Downloads\\Sports Registration Website (2)\\node_modules\\.bin\\.loose-envify.ps1-NScouHz9',
420 silly reify   'C:\\Users\\Narayan\\Downloads\\Sports Registration Website (2)\\node_modules\\nanoid': 'C:\\Users\\Narayan\\Downloads\\Sports Registration Website (2)\\node_modules\\.nanoid-UvVjYBqY',
420 silly reify   'C:\\Users\\Narayan\\Downloads\\Sports Registration Website (2)\\node_modules\\.bin\\nanoid': 'C:\\Users\\Narayan\\Downloads\\Sports Registration Website (2)\\node_modules\\.bin\\.nanoid-SZs0uPPb',
420 silly reify   'C:\\Users\\Narayan\\Downloads\\Sports Registration Website (2)\\node_modules\\.bin\\nanoid.cmd': 'C:\\Users\\Narayan\\Downloads\\Sports Registration Website (2)\\node_modules\\.bin\\.nanoid.cmd-fM7SZCvw',
420 silly reify   'C:\\Users\\Narayan\\Downloads\\Sports Registration Website (2)\\node_modules\\.bin\\nanoid.ps1': 'C:\\Users\\Narayan\\Downloads\\Sports Registration Website (2)\\node_modules\\.bin\\.nanoid.ps1-39CZ1FIk',
420 silly reify   'C:\\Users\\Narayan\\Downloads\\Sports Registration Website (2)\\node_modules\\resolve': 'C:\\Users\\Narayan\\Downloads\\Sports Registration Website (2)\\node_modules\\.resolve-eRPakS8U',
420 silly reify   'C:\\Users\\Narayan\\Downloads\\Sports Registration Website (2)\\node_modules\\.bin\\resolve': 'C:\\Users\\Narayan\\Downloads\\Sports Registration Website (2)\\node_modules\\.bin\\.resolve-GY8NMaFE',
420 silly reify   'C:\\Users\\Narayan\\Downloads\\Sports Registration Website (2)\\node_modules\\.bin\\resolve.cmd': 'C:\\Users\\Narayan\\Downloads\\Sports Registration Website (2)\\node_modules\\.bin\\.resolve.cmd-pHwRWnDB',
420 silly reify   'C:\\Users\\Narayan\\Downloads\\Sports Registration Website (2)\\node_modules\\.bin\\resolve.ps1': 'C:\\Users\\Narayan\\Downloads\\Sports Registration Website (2)\\node_modules\\.bin\\.resolve.ps1-RcKMQZw9',
420 silly reify   'C:\\Users\\Narayan\\Downloads\\Sports Registration Website (2)\\node_modules\\rollup': 'C:\\Users\\Narayan\\Downloads\\Sports Registration Website (2)\\node_modules\\.rollup-OyGpUkHX',
420 silly reify   'C:\\Users\\Narayan\\Downloads\\Sports Registration Website (2)\\node_modules\\.bin\\rollup': 'C:\\Users\\Narayan\\Downloads\\Sports Registration Website (2)\\node_modules\\.bin\\.rollup-BBeDgPG7',
420 silly reify   'C:\\Users\\Narayan\\Downloads\\Sports Registration Website (2)\\node_modules\\.bin\\rollup.cmd': 'C:\\Users\\Narayan\\Downloads\\Sports Registration Website (2)\\node_modules\\.bin\\.rollup.cmd-pi1U86Wg',
420 silly reify   'C:\\Users\\Narayan\\Downloads\\Sports Registration Website (2)\\node_modules\\.bin\\rollup.ps1': 'C:\\Users\\Narayan\\Downloads\\Sports Registration Website (2)\\node_modules\\.bin\\.rollup.ps1-BBDZUKFa',
420 silly reify   'C:\\Users\\Narayan\\Downloads\\Sports Registration Website (2)\\node_modules\\semver': 'C:\\Users\\Narayan\\Downloads\\Sports Registration Website (2)\\node_modules\\.semver-QlqwOBGj',
420 silly reify   'C:\\Users\\Narayan\\Downloads\\Sports Registration Website (2)\\node_modules\\.bin\\semver': 'C:\\Users\\Narayan\\Downloads\\Sports Registration Website (2)\\node_modules\\.bin\\.semver-d4lCjC1c',
420 silly reify   'C:\\Users\\Narayan\\Downloads\\Sports Registration Website (2)\\node_modules\\.bin\\semver.cmd': 'C:\\Users\\Narayan\\Downloads\\Sports Registration Website (2)\\node_modules\\.bin\\.semver.cmd-2QNezvtT',
420 silly reify   'C:\\Users\\Narayan\\Downloads\\Sports Registration Website (2)\\node_modules\\.bin\\semver.ps1': 'C:\\Users\\Narayan\\Downloads\\Sports Registration Website (2)\\node_modules\\.bin\\.semver.ps1-HQc2sEVv',
420 silly reify   'C:\\Users\\Narayan\\Downloads\\Sports Registration Website (2)\\node_modules\\update-browserslist-db': 'C:\\Users\\Narayan\\Downloads\\Sports Registration Website (2)\\node_modules\\.update-browserslist-db-gd3efS11',
420 silly reify   'C:\\Users\\Narayan\\Downloads\\Sports Registration Website (2)\\node_modules\\.bin\\update-browserslist-db': 'C:\\Users\\Narayan\\Downloads\\Sports Registration Website (2)\\node_modules\\.bin\\.update-browserslist-db-Pro4XYTF',
420 silly reify   'C:\\Users\\Narayan\\Downloads\\Sports Registration Website (2)\\node_modules\\.bin\\update-browserslist-db.cmd': 'C:\\Users\\Narayan\\Downloads\\Sports Registration Website (2)\\node_modules\\.bin\\.update-browserslist-db.cmd-32OspGZs',
420 silly reify   'C:\\Users\\Narayan\\Downloads\\Sports Registration Website (2)\\node_modules\\.bin\\update-browserslist-db.ps1': 'C:\\Users\\Narayan\\Downloads\\Sports Registration Website (2)\\node_modules\\.bin\\.update-browserslist-db.ps1-X5omjvyE',
420 silly reify   'C:\\Users\\Narayan\\Downloads\\Sports Registration Website (2)\\node_modules\\vite': 'C:\\Users\\Narayan\\Downloads\\Sports Registration Website (2)\\node_modules\\.vite-AJtZyN0E',
420 silly reify   'C:\\Users\\Narayan\\Downloads\\Sports Registration Website (2)\\node_modules\\.bin\\vite': 'C:\\Users\\Narayan\\Downloads\\Sports Registration Website (2)\\node_modules\\.bin\\.vite-vxNLXbZW',
420 silly reify   'C:\\Users\\Narayan\\Downloads\\Sports Registration Website (2)\\node_modules\\.bin\\vite.cmd': 'C:\\Users\\Narayan\\Downloads\\Sports Registration Website (2)\\node_modules\\.bin\\.vite.cmd-02MSaz4D',
420 silly reify   'C:\\Users\\Narayan\\Downloads\\Sports Registration Website (2)\\node_modules\\.bin\\vite.ps1': 'C:\\Users\\Narayan\\Downloads\\Sports Registration Website (2)\\node_modules\\.bin\\.vite.ps1-DGFQ2CwK',
420 silly reify   'C:\\Users\\Narayan\\Downloads\\Sports Registration Website (2)\\node_modules\\xlsx': 'C:\\Users\\Narayan\\Downloads\\Sports Registration Website (2)\\node_modules\\.xlsx-errku91C',
420 silly reify   'C:\\Users\\Narayan\\Downloads\\Sports Registration Website (2)\\node_modules\\.bin\\xlsx': 'C:\\Users\\Narayan\\Downloads\\Sports Registration Website (2)\\node_modules\\.bin\\.xlsx-tJH55Cwe',
420 silly reify   'C:\\Users\\Narayan\\Downloads\\Sports Registration Website (2)\\node_modules\\.bin\\xlsx.cmd': 'C:\\Users\\Narayan\\Downloads\\Sports Registration Website (2)\\node_modules\\.bin\\.xlsx.cmd-VsxlxsJY',
420 silly reify   'C:\\Users\\Narayan\\Downloads\\Sports Registration Website (2)\\node_modules\\.bin\\xlsx.ps1': 'C:\\Users\\Narayan\\Downloads\\Sports Registration Website (2)\\node_modules\\.bin\\.xlsx.ps1-qSthXMio',
420 silly reify   'C:\\Users\\Narayan\\Downloads\\Sports Registration Website (2)\\node_modules\\yaml': 'C:\\Users\\Narayan\\Downloads\\Sports Registration Website (2)\\node_modules\\.yaml-yRUa3IhU',
420 silly reify   'C:\\Users\\Narayan\\Downloads\\Sports Registration Website (2)\\node_modules\\.bin\\yaml': 'C:\\Users\\Narayan\\Downloads\\Sports Registration Website (2)\\node_modules\\.bin\\.yaml-31xP1JtS',
420 silly reify   'C:\\Users\\Narayan\\Downloads\\Sports Registration Website (2)\\node_modules\\.bin\\yaml.cmd': 'C:\\Users\\Narayan\\Downloads\\Sports Registration Website (2)\\node_modules\\.bin\\.yaml.cmd-WkmKkFYF',
420 silly reify   'C:\\Users\\Narayan\\Downloads\\Sports Registration Website (2)\\node_modules\\.bin\\yaml.ps1': 'C:\\Users\\Narayan\\Downloads\\Sports Registration Website (2)\\node_modules\\.bin\\.yaml.ps1-SwFjEuVh',
420 silly reify   'C:\\Users\\Narayan\\Downloads\\Sports Registration Website (2)\\node_modules\\@babel\\parser': 'C:\\Users\\Narayan\\Downloads\\Sports Registration Website (2)\\node_modules\\@babel\\.parser-sRITPeSA',
420 silly reify   'C:\\Users\\Narayan\\Downloads\\Sports Registration Website (2)\\node_modules\\.bin\\parser': 'C:\\Users\\Narayan\\Downloads\\Sports Registration Website (2)\\node_modules\\.bin\\.parser-QQNtVB5B',
420 silly reify   'C:\\Users\\Narayan\\Downloads\\Sports Registration Website (2)\\node_modules\\.bin\\parser.cmd': 'C:\\Users\\Narayan\\Downloads\\Sports Registration Website (2)\\node_modules\\.bin\\.parser.cmd-PXCjZKyy',
420 silly reify   'C:\\Users\\Narayan\\Downloads\\Sports Registration Website (2)\\node_modules\\.bin\\parser.ps1': 'C:\\Users\\Narayan\\Downloads\\Sports Registration Website (2)\\node_modules\\.bin\\.parser.ps1-X82z1krP'
420 silly reify }
421 silly audit bulk request {
421 silly audit   'adler-32': [ '1.3.1' ],
421 silly audit   'aria-hidden': [ '1.2.6' ],
421 silly audit   'babel-plugin-macros': [ '3.1.0' ],
421 silly audit   'baseline-browser-mapping': [ '2.10.34' ],
421 silly audit   browserslist: [ '4.28.2' ],
421 silly audit   callsites: [ '3.1.0' ],
421 silly audit   'caniuse-lite': [ '1.0.30001797' ],
421 silly audit   'canvas-confetti': [ '1.9.4' ],
421 silly audit   cfb: [ '1.2.2' ],
421 silly audit   chownr: [ '3.0.0' ],
421 silly audit   'class-variance-authority': [ '0.7.1' ],
421 silly audit   classnames: [ '2.5.1' ],
421 silly audit   clsx: [ '2.1.1' ],
421 silly audit   cmdk: [ '1.1.1' ],
421 silly audit   codepage: [ '1.15.0' ],
421 silly audit   'convert-source-map': [ '1.9.0', '2.0.0' ],
421 silly audit   cookie: [ '1.1.1' ],
421 silly audit   cosmiconfig: [ '7.1.0' ],
421 silly audit   yaml: [ '1.10.3' ],
421 silly audit   'crc-32': [ '1.2.2' ],
421 silly audit   csstype: [ '3.2.3' ],
421 silly audit   'd3-array': [ '3.2.4' ],
421 silly audit   'd3-color': [ '3.1.0' ],
421 silly audit   'd3-ease': [ '3.0.1' ],
421 silly audit   'd3-format': [ '3.1.2' ],
421 silly audit   'd3-interpolate': [ '3.0.1' ],
421 silly audit   'd3-path': [ '3.1.0' ],
421 silly audit   'd3-scale': [ '4.0.2' ],
421 silly audit   'd3-shape': [ '3.2.0' ],
421 silly audit   'd3-time': [ '3.1.0' ],
421 silly audit   'd3-time-format': [ '4.1.0' ],
421 silly audit   'd3-timer': [ '3.0.1' ],
421 silly audit   debug: [ '4.4.3' ],
421 silly audit   'date-fns': [ '3.6.0' ],
421 silly audit   'decimal.js-light': [ '2.5.1' ],
421 silly audit   'detect-libc': [ '2.1.2' ],
421 silly audit   'detect-node-es': [ '1.1.0' ],
421 silly audit   'dnd-core': [ '16.0.1' ],
421 silly audit   'dom-helpers': [ '5.2.1' ],
421 silly audit   'electron-to-chromium': [ '1.5.368' ],
421 silly audit   'embla-carousel': [ '8.6.0' ],
421 silly audit   'embla-carousel-react': [ '8.6.0' ],
421 silly audit   'embla-carousel-reactive-utils': [ '8.6.0' ],
421 silly audit   'enhanced-resolve': [ '5.23.0' ],
421 silly audit   'error-ex': [ '1.3.4' ],
421 silly audit   'es-errors': [ '1.3.0' ],
421 silly audit   esbuild: [ '0.25.12' ],
421 silly audit   escalade: [ '3.2.0' ],
421 silly audit   'escape-string-regexp': [ '4.0.0' ],
421 silly audit   eventemitter3: [ '4.0.7' ],
421 silly audit   'fast-deep-equal': [ '3.1.3' ],
421 silly audit   'fast-equals': [ '5.4.0' ],
421 silly audit   fdir: [ '6.5.0' ],
421 silly audit   'find-root': [ '1.1.0' ],
421 silly audit   frac: [ '1.1.2' ],
421 silly audit   'framer-motion': [ '12.40.0' ],
421 silly audit   'function-bind': [ '1.1.2' ],
421 silly audit   gensync: [ '1.0.0-beta.2' ],
421 silly audit   'get-nonce': [ '1.0.1' ],
421 silly audit   'graceful-fs': [ '4.2.11' ],
421 silly audit   hasown: [ '2.0.4' ],
421 silly audit   'hoist-non-react-statics': [ '3.3.2' ],
421 silly audit   'react-is': [ '16.13.1', '19.2.7', '18.3.1' ],
421 silly audit   'import-fresh': [ '3.3.1' ],
421 silly audit   'input-otp': [ '1.4.2' ],
421 silly audit   internmap: [ '2.0.3' ],
421 silly audit   'is-arrayish': [ '0.2.1' ],
421 silly audit   'is-core-module': [ '2.16.2' ],
421 silly audit   jiti: [ '2.7.0' ],
421 silly audit   'js-tokens': [ '4.0.0' ],
421 silly audit   jsesc: [ '3.1.0' ],
421 silly audit   'json-parse-even-better-errors': [ '2.3.1' ],
421 silly audit   json2mq: [ '0.2.0' ],
421 silly audit   json5: [ '2.2.3' ],
421 silly audit   lightningcss: [ '1.30.1' ],
421 silly audit   'lightningcss-win32-x64-msvc': [ '1.30.1' ],
421 silly audit   'lines-and-columns': [ '1.2.4' ],
421 silly audit   lodash: [ '4.18.1' ],
421 silly audit   'lodash.debounce': [ '4.0.8' ],
421 silly audit   'loose-envify': [ '1.4.0' ],
421 silly audit   'lru-cache': [ '5.1.1' ],
421 silly audit   'magic-string': [ '0.30.21' ],
421 silly audit   minipass: [ '7.1.3' ],
421 silly audit   minizlib: [ '3.1.0' ],
421 silly audit   motion: [ '12.23.24' ],
421 silly audit   'motion-dom': [ '12.40.0' ],
421 silly audit   'motion-utils': [ '12.39.0' ],
421 silly audit   ms: [ '2.1.3' ],
421 silly audit   nanoid: [ '3.3.12' ],
421 silly audit   'next-themes': [ '0.4.6' ],
421 silly audit   'node-releases': [ '2.0.47' ],
421 silly audit   'object-assign': [ '4.1.1' ],
421 silly audit   'parent-module': [ '1.0.1' ],
421 silly audit   'parse-json': [ '5.2.0' ],
421 silly audit   'path-parse': [ '1.0.7' ],
421 silly audit   'path-type': [ '4.0.0' ],
421 silly audit   picocolors: [ '1.1.1' ],
421 silly audit   picomatch: [ '4.0.4' ],
421 silly audit   postcss: [ '8.5.15' ],
421 silly audit   'prop-types': [ '15.8.1' ],
421 silly audit   'qrcode.react': [ '4.2.0' ],
421 silly audit   react: [ '18.3.1' ],
421 silly audit   'react-day-picker': [ '8.10.1' ],
421 silly audit   'react-dnd': [ '16.0.1' ],
421 silly audit   'react-dnd-html5-backend': [ '16.0.1' ],
421 silly audit   'react-dom': [ '18.3.1' ],
421 silly audit   'react-fast-compare': [ '3.2.2' ],
421 silly audit   'react-hook-form': [ '7.55.0' ],
421 silly audit   'react-popper': [ '2.3.0' ],
421 silly audit   'react-refresh': [ '0.17.0' ],
421 silly audit   'react-remove-scroll': [ '2.7.2' ],
421 silly audit   'react-remove-scroll-bar': [ '2.3.8' ],
421 silly audit   'react-resizable-panels': [ '2.1.7' ],
421 silly audit   'react-responsive-masonry': [ '2.7.1' ],
421 silly audit   'react-router': [ '7.13.0' ],
421 silly audit   'react-slick': [ '0.31.0' ],
421 silly audit   'react-smooth': [ '4.0.4' ],
421 silly audit   'react-style-singleton': [ '2.2.3' ],
421 silly audit   'react-transition-group': [ '4.4.5' ],
421 silly audit   recharts: [ '2.15.2' ],
421 silly audit   'recharts-scale': [ '0.4.5' ],
421 silly audit   redux: [ '4.2.1' ],
421 silly audit   'resize-observer-polyfill': [ '1.5.1' ],
421 silly audit   resolve: [ '1.22.12' ],
421 silly audit   'resolve-from': [ '4.0.0' ],
421 silly audit   rollup: [ '4.61.1' ],
421 silly audit   scheduler: [ '0.23.2' ],
421 silly audit   'set-cookie-parser': [ '2.7.2' ],
421 silly audit   semver: [ '6.3.1' ],
421 silly audit   sonner: [ '2.0.3' ],
421 silly audit   'source-map': [ '0.5.7' ],
421 silly audit   'source-map-js': [ '1.2.1' ],
421 silly audit   ssf: [ '0.11.2' ],
421 silly audit   stylis: [ '4.2.0' ],
421 silly audit   'string-convert': [ '0.2.1' ],
421 silly audit   'supports-preserve-symlinks-flag': [ '1.0.0' ],
421 silly audit   'tailwind-merge': [ '3.2.0' ],
421 silly audit   tailwindcss: [ '4.1.12' ],
421 silly audit   tapable: [ '2.3.3' ],
421 silly audit   tar: [ '7.5.16' ],
421 silly audit   yallist: [ '5.0.0', '3.1.1' ],
421 silly audit   'tiny-invariant': [ '1.3.3' ],
421 silly audit   tinyglobby: [ '0.2.17' ],
421 silly audit   tslib: [ '2.8.1' ],
421 silly audit   'tw-animate-css': [ '1.3.8' ],
421 silly audit   'update-browserslist-db': [ '1.2.3' ],
421 silly audit   'use-callback-ref': [ '1.3.3' ],
421 silly audit   'use-sidecar': [ '1.1.3' ],
421 silly audit   vaul: [ '1.1.2' ],
421 silly audit   'victory-vendor': [ '36.9.2' ],
421 silly audit   vite: [ '6.3.5' ],
421 silly audit   warning: [ '4.0.3' ],
421 silly audit   wmf: [ '1.0.2' ],
421 silly audit   word: [ '0.3.0' ],
421 silly audit   xlsx: [ '0.18.5' ],
421 silly audit   '@babel/code-frame': [ '7.29.7' ],
421 silly audit   '@babel/compat-data': [ '7.29.7' ],
421 silly audit   '@babel/core': [ '7.29.7' ],
421 silly audit   '@babel/generator': [ '7.29.7' ],
421 silly audit   '@babel/helper-compilation-targets': [ '7.29.7' ],
421 silly audit   '@babel/helper-globals': [ '7.29.7' ],
421 silly audit   '@babel/helper-module-imports': [ '7.29.7' ],
421 silly audit   '@babel/helper-module-transforms': [ '7.29.7' ],
421 silly audit   '@babel/helper-plugin-utils': [ '7.29.7' ],
421 silly audit   '@babel/helper-string-parser': [ '7.29.7' ],
421 silly audit   '@babel/helper-validator-identifier': [ '7.29.7' ],
421 silly audit   '@babel/helper-validator-option': [ '7.29.7' ],
421 silly audit   '@babel/helpers': [ '7.29.7' ],
421 silly audit   '@babel/parser': [ '7.29.7' ],
421 silly audit   '@babel/plugin-transform-react-jsx-self': [ '7.29.7' ],
421 silly audit   '@babel/plugin-transform-react-jsx-source': [ '7.29.7' ],
421 silly audit   '@babel/runtime': [ '7.29.7' ],
421 silly audit   '@babel/template': [ '7.29.7' ],
421 silly audit   '@babel/traverse': [ '7.29.7' ],
421 silly audit   '@babel/types': [ '7.29.7' ],
421 silly audit   '@emotion/babel-plugin': [ '11.13.5' ],
421 silly audit   '@emotion/cache': [ '11.14.0' ],
421 silly audit   '@emotion/hash': [ '0.9.2' ],
421 silly audit   '@emotion/is-prop-valid': [ '1.4.0' ],
421 silly audit   '@emotion/memoize': [ '0.9.0' ],
421 silly audit   '@emotion/react': [ '11.14.0' ],
421 silly audit   '@emotion/serialize': [ '1.3.3' ],
421 silly audit   '@emotion/sheet': [ '1.4.0' ],
421 silly audit   '@emotion/styled': [ '11.14.1' ],
421 silly audit   '@emotion/unitless': [ '0.10.0' ],
421 silly audit   '@emotion/use-insertion-effect-with-fallbacks': [ '1.2.0' ],
421 silly audit   '@emotion/utils': [ '1.4.2' ],
421 silly audit   '@emotion/weak-memoize': [ '0.4.0' ],
421 silly audit   '@floating-ui/core': [ '1.7.5' ],
421 silly audit   '@floating-ui/utils': [ '0.2.11' ],
421 silly audit   '@floating-ui/react-dom': [ '2.1.8' ],
421 silly audit   '@jridgewell/remapping': [ '2.3.5' ],
421 silly audit   '@floating-ui/dom': [ '1.7.6' ],
421 silly audit   '@esbuild/win32-x64': [ '0.25.12' ],
421 silly audit   '@jridgewell/gen-mapping': [ '0.3.13' ],
421 silly audit   '@jridgewell/resolve-uri': [ '3.1.2' ],
421 silly audit   '@jridgewell/sourcemap-codec': [ '1.5.5' ],
421 silly audit   '@jridgewell/trace-mapping': [ '0.3.31' ],
421 silly audit   '@isaacs/fs-minipass': [ '4.0.1' ],
421 silly audit   '@mui/core-downloads-tracker': [ '7.3.11' ],
421 silly audit   '@mui/material': [ '7.3.5' ],
421 silly audit   '@mui/private-theming': [ '7.3.11' ],
421 silly audit   '@mui/styled-engine': [ '7.3.10' ],
421 silly audit   '@mui/system': [ '7.3.11' ],
421 silly audit   '@mui/types': [ '7.4.12' ],
421 silly audit   '@mui/utils': [ '7.3.11' ],
421 silly audit   '@popperjs/core': [ '2.11.8' ],
421 silly audit   '@radix-ui/number': [ '1.1.0' ],
421 silly audit   '@radix-ui/primitive': [ '1.1.1' ],
421 silly audit   '@radix-ui/react-accordion': [ '1.2.3' ],
421 silly audit   '@radix-ui/react-alert-dialog': [ '1.1.6' ],
421 silly audit   '@radix-ui/react-arrow': [ '1.1.2' ],
421 silly audit   '@radix-ui/react-avatar': [ '1.1.3' ],
421 silly audit   '@radix-ui/react-aspect-ratio': [ '1.1.2' ],
421 silly audit   '@radix-ui/react-checkbox': [ '1.1.4' ],
421 silly audit   '@radix-ui/react-collapsible': [ '1.1.3' ],
421 silly audit   '@radix-ui/react-collection': [ '1.1.2' ],
421 silly audit   '@radix-ui/react-compose-refs': [ '1.1.1' ],
421 silly audit   '@radix-ui/react-context': [ '1.1.1' ],
421 silly audit   '@radix-ui/react-context-menu': [ '2.2.6' ],
421 silly audit   '@radix-ui/react-dialog': [ '1.1.6' ],
421 silly audit   '@radix-ui/react-direction': [ '1.1.0' ],
421 silly audit   '@radix-ui/react-dismissable-layer': [ '1.1.5' ],
421 silly audit   '@radix-ui/react-dropdown-menu': [ '2.1.6' ],
421 silly audit   '@radix-ui/react-focus-guards': [ '1.1.1' ],
421 silly audit   '@radix-ui/react-focus-scope': [ '1.1.2' ],
421 silly audit   '@radix-ui/react-hover-card': [ '1.1.6' ],
421 silly audit   '@radix-ui/react-id': [ '1.1.0' ],
421 silly audit   '@radix-ui/react-label': [ '2.1.2' ],
421 silly audit   '@radix-ui/react-menu': [ '2.1.6' ],
421 silly audit   '@radix-ui/react-menubar': [ '1.1.6' ],
421 silly audit   '@radix-ui/react-navigation-menu': [ '1.2.5' ],
421 silly audit   '@radix-ui/react-popover': [ '1.1.6' ],
421 silly audit   '@radix-ui/react-popper': [ '1.2.2' ],
421 silly audit   '@radix-ui/react-portal': [ '1.1.4' ],
421 silly audit   '@radix-ui/react-presence': [ '1.1.2' ],
421 silly audit   '@radix-ui/react-primitive': [ '2.0.2' ],
421 silly audit   '@radix-ui/react-progress': [ '1.1.2' ],
421 silly audit   '@radix-ui/react-radio-group': [ '1.2.3' ],
421 silly audit   '@radix-ui/react-roving-focus': [ '1.1.2' ],
421 silly audit   '@radix-ui/react-scroll-area': [ '1.2.3' ],
421 silly audit   '@radix-ui/react-select': [ '2.1.6' ],
421 silly audit   '@radix-ui/react-separator': [ '1.1.2' ],
421 silly audit   '@radix-ui/react-slider': [ '1.2.3' ],
421 silly audit   '@radix-ui/react-slot': [ '1.1.2' ],
421 silly audit   '@radix-ui/react-switch': [ '1.1.3' ],
421 silly audit   '@radix-ui/react-tabs': [ '1.1.3' ],
421 silly audit   '@radix-ui/react-toggle': [ '1.1.2' ],
421 silly audit   '@radix-ui/react-toggle-group': [ '1.1.2' ],
421 silly audit   '@radix-ui/react-tooltip': [ '1.1.8' ],
421 silly audit   '@radix-ui/react-use-callback-ref': [ '1.1.0' ],
421 silly audit   '@radix-ui/react-use-controllable-state': [ '1.1.0' ],
421 silly audit   '@radix-ui/react-use-escape-keydown': [ '1.1.0' ],
421 silly audit   '@radix-ui/react-use-layout-effect': [ '1.1.0' ],
421 silly audit   '@radix-ui/react-use-previous': [ '1.1.0' ],
421 silly audit   '@radix-ui/react-use-rect': [ '1.1.0' ],
421 silly audit   '@radix-ui/react-use-size': [ '1.1.0' ],
421 silly audit   '@radix-ui/react-visually-hidden': [ '1.1.2' ],
421 silly audit   '@radix-ui/rect': [ '1.1.0' ],
421 silly audit   '@react-dnd/asap': [ '5.0.2' ],
421 silly audit   '@react-dnd/invariant': [ '4.0.2' ],
421 silly audit   '@rolldown/pluginutils': [ '1.0.0-beta.27' ],
421 silly audit   '@react-dnd/shallowequal': [ '4.0.2' ],
421 silly audit   '@rollup/rollup-win32-x64-gnu': [ '4.61.1' ],
421 silly audit   '@rollup/rollup-win32-x64-msvc': [ '4.61.1' ],
421 silly audit   '@tailwindcss/node': [ '4.1.12' ],
421 silly audit   '@tailwindcss/oxide': [ '4.1.12' ],
421 silly audit   '@tailwindcss/oxide-win32-x64-msvc': [ '4.1.12' ],
421 silly audit   '@types/babel__core': [ '7.20.5' ],
421 silly audit   '@tailwindcss/vite': [ '4.1.12' ],
421 silly audit   '@types/babel__generator': [ '7.27.0' ],
421 silly audit   '@types/babel__template': [ '7.4.4' ],
421 silly audit   '@types/babel__traverse': [ '7.28.0' ],
421 silly audit   '@types/d3-array': [ '3.2.2' ],
421 silly audit   '@types/d3-color': [ '3.1.3' ],
421 silly audit   '@types/d3-ease': [ '3.0.2' ],
421 silly audit   '@types/d3-interpolate': [ '3.0.4' ],
421 silly audit   '@types/d3-path': [ '3.1.1' ],
421 silly audit   '@types/d3-scale': [ '4.0.9' ],
421 silly audit   '@types/d3-shape': [ '3.1.8' ],
421 silly audit   '@types/d3-time': [ '3.0.4' ],
421 silly audit   '@types/d3-timer': [ '3.0.2' ],
421 silly audit   '@types/estree': [ '1.0.9' ],
421 silly audit   '@types/parse-json': [ '4.0.2' ],
421 silly audit   '@types/prop-types': [ '15.7.15' ],
421 silly audit   '@types/react': [ '19.2.17' ],
421 silly audit   '@types/react-transition-group': [ '4.4.12' ],
421 silly audit   '@vitejs/plugin-react': [ '4.7.0' ],
421 silly audit   '@mui/icons-material': [ '7.3.5' ],
421 silly audit   'lucide-react': [ '0.487.0' ],
421 silly audit   '@tailwindcss/oxide-android-arm64': [ '4.1.12' ],
421 silly audit   '@tailwindcss/oxide-darwin-arm64': [ '4.1.12' ],
421 silly audit   '@tailwindcss/oxide-darwin-x64': [ '4.1.12' ],
421 silly audit   '@tailwindcss/oxide-freebsd-x64': [ '4.1.12' ],
421 silly audit   '@tailwindcss/oxide-linux-arm-gnueabihf': [ '4.1.12' ],
421 silly audit   '@tailwindcss/oxide-linux-arm64-gnu': [ '4.1.12' ],
421 silly audit   '@tailwindcss/oxide-linux-arm64-musl': [ '4.1.12' ],
421 silly audit   '@tailwindcss/oxide-linux-x64-gnu': [ '4.1.12' ],
421 silly audit   '@tailwindcss/oxide-linux-x64-musl': [ '4.1.12' ],
421 silly audit   '@tailwindcss/oxide-wasm32-wasi': [ '4.1.12' ],
421 silly audit   '@tailwindcss/oxide-win32-arm64-msvc': [ '4.1.12' ],
421 silly audit   '@esbuild/aix-ppc64': [ '0.25.12' ],
421 silly audit   '@esbuild/android-arm': [ '0.25.12' ],
421 silly audit   '@esbuild/android-arm64': [ '0.25.12' ],
421 silly audit   '@esbuild/android-x64': [ '0.25.12' ],
421 silly audit   '@esbuild/darwin-arm64': [ '0.25.12' ],
421 silly audit   '@esbuild/darwin-x64': [ '0.25.12' ],
421 silly audit   '@esbuild/freebsd-arm64': [ '0.25.12' ],
421 silly audit   '@esbuild/freebsd-x64': [ '0.25.12' ],
421 silly audit   '@esbuild/linux-arm': [ '0.25.12' ],
421 silly audit   '@esbuild/linux-arm64': [ '0.25.12' ],
421 silly audit   '@esbuild/linux-ia32': [ '0.25.12' ],
421 silly audit   '@esbuild/linux-loong64': [ '0.25.12' ],
421 silly audit   '@esbuild/linux-mips64el': [ '0.25.12' ],
421 silly audit   '@esbuild/linux-ppc64': [ '0.25.12' ],
421 silly audit   '@esbuild/linux-riscv64': [ '0.25.12' ],
421 silly audit   '@esbuild/linux-s390x': [ '0.25.12' ],
421 silly audit   '@esbuild/linux-x64': [ '0.25.12' ],
421 silly audit   '@esbuild/netbsd-arm64': [ '0.25.12' ],
421 silly audit   '@esbuild/netbsd-x64': [ '0.25.12' ],
421 silly audit   '@esbuild/openbsd-arm64': [ '0.25.12' ],
421 silly audit   '@esbuild/openbsd-x64': [ '0.25.12' ],
421 silly audit   '@esbuild/openharmony-arm64': [ '0.25.12' ],
421 silly audit   '@esbuild/sunos-x64': [ '0.25.12' ],
421 silly audit   '@esbuild/win32-arm64': [ '0.25.12' ],
421 silly audit   '@esbuild/win32-ia32': [ '0.25.12' ],
421 silly audit   'lightningcss-darwin-arm64': [ '1.30.1' ],
421 silly audit   'lightningcss-darwin-x64': [ '1.30.1' ],
421 silly audit   'lightningcss-freebsd-x64': [ '1.30.1' ],
421 silly audit   'lightningcss-linux-arm-gnueabihf': [ '1.30.1' ],
421 silly audit   'lightningcss-linux-arm64-gnu': [ '1.30.1' ],
421 silly audit   'lightningcss-linux-arm64-musl': [ '1.30.1' ],
421 silly audit   'lightningcss-linux-x64-gnu': [ '1.30.1' ],
421 silly audit   'lightningcss-linux-x64-musl': [ '1.30.1' ],
421 silly audit   'lightningcss-win32-arm64-msvc': [ '1.30.1' ],
421 silly audit   '@rollup/rollup-android-arm-eabi': [ '4.61.1' ],
421 silly audit   '@rollup/rollup-android-arm64': [ '4.61.1' ],
421 silly audit   '@rollup/rollup-darwin-arm64': [ '4.61.1' ],
421 silly audit   '@rollup/rollup-darwin-x64': [ '4.61.1' ],
421 silly audit   '@rollup/rollup-freebsd-arm64': [ '4.61.1' ],
421 silly audit   '@rollup/rollup-freebsd-x64': [ '4.61.1' ],
421 silly audit   '@rollup/rollup-linux-arm-gnueabihf': [ '4.61.1' ],
421 silly audit   '@rollup/rollup-linux-arm-musleabihf': [ '4.61.1' ],
421 silly audit   '@rollup/rollup-linux-arm64-gnu': [ '4.61.1' ],
421 silly audit   '@rollup/rollup-linux-arm64-musl': [ '4.61.1' ],
421 silly audit   '@rollup/rollup-linux-loong64-gnu': [ '4.61.1' ],
421 silly audit   '@rollup/rollup-linux-loong64-musl': [ '4.61.1' ],
421 silly audit   '@rollup/rollup-linux-ppc64-gnu': [ '4.61.1' ],
421 silly audit   '@rollup/rollup-linux-ppc64-musl': [ '4.61.1' ],
421 silly audit   '@rollup/rollup-linux-riscv64-gnu': [ '4.61.1' ],
421 silly audit   '@rollup/rollup-linux-riscv64-musl': [ '4.61.1' ],
421 silly audit   '@rollup/rollup-linux-s390x-gnu': [ '4.61.1' ],
421 silly audit   '@rollup/rollup-linux-x64-gnu': [ '4.61.1' ],
421 silly audit   '@rollup/rollup-linux-x64-musl': [ '4.61.1' ],
421 silly audit   '@rollup/rollup-openbsd-x64': [ '4.61.1' ],
421 silly audit   '@rollup/rollup-openharmony-arm64': [ '4.61.1' ],
421 silly audit   '@rollup/rollup-win32-arm64-msvc': [ '4.61.1' ],
421 silly audit   '@rollup/rollup-win32-ia32-msvc': [ '4.61.1' ],
421 silly audit   fsevents: [ '2.3.3' ]
421 silly audit }
422 silly packumentCache corgi:https://registry.npmjs.org/@babel%2fparser cache-miss
423 silly packumentCache corgi:https://registry.npmjs.org/xlsx cache-miss
424 silly packumentCache corgi:https://registry.npmjs.org/vite cache-miss
425 silly packumentCache corgi:https://registry.npmjs.org/semver cache-miss
426 silly packumentCache corgi:https://registry.npmjs.org/rollup cache-miss
427 silly packumentCache corgi:https://registry.npmjs.org/update-browserslist-db cache-miss
428 silly packumentCache corgi:https://registry.npmjs.org/nanoid cache-miss
429 silly packumentCache corgi:https://registry.npmjs.org/resolve cache-miss
430 silly packumentCache corgi:https://registry.npmjs.org/loose-envify cache-miss
431 silly packumentCache corgi:https://registry.npmjs.org/json5 cache-miss
432 silly packumentCache corgi:https://registry.npmjs.org/jsesc cache-miss
433 silly packumentCache corgi:https://registry.npmjs.org/jiti cache-miss
434 silly packumentCache corgi:https://registry.npmjs.org/esbuild cache-miss
435 silly packumentCache corgi:https://registry.npmjs.org/crc-32 cache-miss
436 silly packumentCache corgi:https://registry.npmjs.org/browserslist cache-miss
437 silly packumentCache corgi:https://registry.npmjs.org/baseline-browser-mapping cache-miss
438 http cache @mui/icons-material@https://registry.npmjs.org/@mui/icons-material/-/icons-material-7.3.5.tgz 0ms (cache hit)
439 http cache lucide-react@https://registry.npmjs.org/lucide-react/-/lucide-react-0.487.0.tgz 0ms (cache hit)
440 silly tarball no local data for @mui/icons-material@https://registry.npmjs.org/@mui/icons-material/-/icons-material-7.3.5.tgz. Extracting by manifest.
441 silly tarball no local data for lucide-react@https://registry.npmjs.org/lucide-react/-/lucide-react-0.487.0.tgz. Extracting by manifest.
442 http cache https://registry.npmjs.org/xlsx 199ms (cache hit)
443 silly packumentCache corgi:https://registry.npmjs.org/xlsx set size:134408 disposed:false
444 http cache https://registry.npmjs.org/vite 221ms (cache hit)
445 silly packumentCache corgi:https://registry.npmjs.org/vite set size:2261551 disposed:false
446 http cache https://registry.npmjs.org/vite/-/vite-6.3.5.tgz 601ms (cache hit)
447 http cache https://registry.npmjs.org/xlsx/-/xlsx-0.18.5.tgz 691ms (cache hit)
448 http fetch POST 200 https://registry.npmjs.org/-/npm/v1/security/advisories/bulk 1008ms
449 silly audit report {
449 silly audit report   'react-router': [
449 silly audit report     {
449 silly audit report       id: 1120063,
449 silly audit report       url: 'https://github.com/advisories/GHSA-49rj-9fvp-4h2h',
449 silly audit report       title: "React Router's vendored turbo-stream v2 allows arbitrary constructor invocation via TYPE_ERROR deserialization leading to Unauth RCE",
449 silly audit report       severity: 'high',
449 silly audit report       vulnerable_versions: '>=7.0.0 <=7.14.1',
449 silly audit report       cwe: [Array],
449 silly audit report       cvss: [Object]
449 silly audit report     },
449 silly audit report     {
449 silly audit report       id: 1120065,
449 silly audit report       url: 'https://github.com/advisories/GHSA-2j2x-hqr9-3h42',
449 silly audit report       title: "React Router's same-origin redirect with path starting // causes open redirect via protocol-relative URL reinterpretation",
449 silly audit report       severity: 'moderate',
449 silly audit report       vulnerable_versions: '>=7.0.0 <7.14.1',
449 silly audit report       cwe: [Array],
449 silly audit report       cvss: [Object]
449 silly audit report     },
449 silly audit report     {
449 silly audit report       id: 1120066,
449 silly audit report       url: 'https://github.com/advisories/GHSA-8646-j5j9-6r62',
449 silly audit report       title: 'React Router vulnerable to XSS in unstable RSC redirect handling via javascript: redirect targets',
449 silly audit report       severity: 'high',
449 silly audit report       vulnerable_versions: '>=7.7.0 <7.13.2',
449 silly audit report       cwe: [Array],
449 silly audit report       cvss: [Object]
449 silly audit report     },
449 silly audit report     {
449 silly audit report       id: 1120067,
449 silly audit report       url: 'https://github.com/advisories/GHSA-f22v-gfqf-p8f3',
449 silly audit report       title: 'React Router has stored XSS via unescaped Location header in prerendered redirect HTML',
449 silly audit report       severity: 'moderate',
449 silly audit report       vulnerable_versions: '>=7.5.1 <7.13.2',
449 silly audit report       cwe: [Array],
449 silly audit report       cvss: [Object]
449 silly audit report     },
449 silly audit report     {
449 silly audit report       id: 1120069,
449 silly audit report       url: 'https://github.com/advisories/GHSA-8x6r-g9mw-2r78',
449 silly audit report       title: 'React Router vulnerable to DoS via unbounded path expansion in __manifest endpoint',
449 silly audit report       severity: 'high',
449 silly audit report       vulnerable_versions: '>=7.0.0 <7.15.0',
449 silly audit report       cwe: [Array],
449 silly audit report       cvss: [Object]
449 silly audit report     },
449 silly audit report     {
449 silly audit report       id: 1120081,
449 silly audit report       url: 'https://github.com/advisories/GHSA-rxv8-25v2-qmq8',
449 silly audit report       title: 'React Router vulnerable to Denial of Service via reflected user input in single-fetch',
449 silly audit report       severity: 'high',
449 silly audit report       vulnerable_versions: '>=7.0.0 <7.14.0',
449 silly audit report       cwe: [Array],
449 silly audit report       cvss: [Object]
449 silly audit report     }
449 silly audit report   ],
449 silly audit report   vite: [
449 silly audit report     {
449 silly audit report       id: 1107324,
449 silly audit report       url: 'https://github.com/advisories/GHSA-g4jq-h2w9-997c',
449 silly audit report       title: 'Vite middleware may serve files starting with the same name with the public directory',
449 silly audit report       severity: 'low',
449 silly audit report       vulnerable_versions: '>=6.0.0 <=6.3.5',
449 silly audit report       cwe: [Array],
449 silly audit report       cvss: [Object]
449 silly audit report     },
449 silly audit report     {
449 silly audit report       id: 1107328,
449 silly audit report       url: 'https://github.com/advisories/GHSA-jqfw-vq24-v9c3',
449 silly audit report       title: "Vite's `server.fs` settings were not applied to HTML files",
449 silly audit report       severity: 'low',
449 silly audit report       vulnerable_versions: '>=6.0.0 <=6.3.5',
449 silly audit report       cwe: [Array],
449 silly audit report       cvss: [Object]
449 silly audit report     },
449 silly audit report     {
449 silly audit report       id: 1109135,
449 silly audit report       url: 'https://github.com/advisories/GHSA-93m4-6634-74q7',
449 silly audit report       title: 'vite allows server.fs.deny bypass via backslash on Windows',
449 silly audit report       severity: 'moderate',
449 silly audit report       vulnerable_versions: '>=6.0.0 <=6.4.0',
449 silly audit report       cwe: [Array],
449 silly audit report       cvss: [Object]
449 silly audit report     },
449 silly audit report     {
449 silly audit report       id: 1116229,
449 silly audit report       url: 'https://github.com/advisories/GHSA-4w7w-66w2-5vf9',
449 silly audit report       title: 'Vite Vulnerable to Path Traversal in Optimized Deps `.map` Handling',
449 silly audit report       severity: 'moderate',
449 silly audit report       vulnerable_versions: '<=6.4.1',
449 silly audit report       cwe: [Array],
449 silly audit report       cvss: [Object]
449 silly audit report     },
449 silly audit report     {
449 silly audit report       id: 1116234,
449 silly audit report       url: 'https://github.com/advisories/GHSA-p9ff-h696-f583',
449 silly audit report       title: 'Vite Vulnerable to Arbitrary File Read via Vite Dev Server WebSocket',
449 silly audit report       severity: 'high',
449 silly audit report       vulnerable_versions: '>=6.0.0 <=6.4.1',
449 silly audit report       cwe: [Array],
449 silly audit report       cvss: [Object]
449 silly audit report     }
449 silly audit report   ],
449 silly audit report   xlsx: [
449 silly audit report     {
449 silly audit report       id: 1108110,
449 silly audit report       url: 'https://github.com/advisories/GHSA-4r6h-8v6p-xvw6',
449 silly audit report       title: 'Prototype Pollution in sheetJS',
449 silly audit report       severity: 'high',
449 silly audit report       vulnerable_versions: '<0.19.3',
449 silly audit report       cwe: [Array],
449 silly audit report       cvss: [Object]
449 silly audit report     },
449 silly audit report     {
449 silly audit report       id: 1108111,
449 silly audit report       url: 'https://github.com/advisories/GHSA-5pgg-2g8v-p4x9',
449 silly audit report       title: 'SheetJS Regular Expression Denial of Service (ReDoS)',
449 silly audit report       severity: 'high',
449 silly audit report       vulnerable_versions: '<0.20.2',
449 silly audit report       cwe: [Array],
449 silly audit report       cvss: [Object]
449 silly audit report     }
449 silly audit report   ]
449 silly audit report }
450 silly packumentCache corgi:https://registry.npmjs.org/react-router cache-miss
451 silly packumentCache corgi:https://registry.npmjs.org/vite cache-miss
452 silly packumentCache corgi:https://registry.npmjs.org/xlsx cache-hit
453 http fetch GET 200 https://registry.npmjs.org/loose-envify 1102ms (cache miss)
454 silly packumentCache corgi:https://registry.npmjs.org/loose-envify set size:undefined disposed:false
455 http fetch GET 200 https://registry.npmjs.org/crc-32 1125ms (cache miss)
456 silly packumentCache corgi:https://registry.npmjs.org/crc-32 set size:undefined disposed:false
457 http fetch GET 200 https://registry.npmjs.org/jsesc 1134ms (cache miss)
458 silly packumentCache corgi:https://registry.npmjs.org/jsesc set size:undefined disposed:false
459 http cache https://registry.npmjs.org/vite 226ms (cache hit)
460 silly packumentCache corgi:https://registry.npmjs.org/vite set size:2261551 disposed:false
461 http cache https://registry.npmjs.org/react-router 316ms (cache hit)
462 silly packumentCache corgi:https://registry.npmjs.org/react-router set size:1333656 disposed:false
463 silly packumentCache corgi:https://registry.npmjs.org/@tailwindcss%2fvite cache-miss
464 silly packumentCache corgi:https://registry.npmjs.org/@vitejs%2fplugin-react cache-miss
465 http fetch GET 200 https://registry.npmjs.org/update-browserslist-db 1501ms (cache miss)
466 silly packumentCache corgi:https://registry.npmjs.org/update-browserslist-db set size:undefined disposed:false
467 http fetch GET 200 https://registry.npmjs.org/json5 1526ms (cache miss)
468 silly packumentCache corgi:https://registry.npmjs.org/json5 set size:undefined disposed:false
469 http fetch GET 200 https://registry.npmjs.org/baseline-browser-mapping 1594ms (cache miss)
470 silly packumentCache corgi:https://registry.npmjs.org/baseline-browser-mapping set size:undefined disposed:false
471 http cache https://registry.npmjs.org/loose-envify/-/loose-envify-1.4.0.tgz 568ms (cache hit)
472 http cache https://registry.npmjs.org/crc-32/-/crc-32-1.2.2.tgz 577ms (cache hit)
473 http cache https://registry.npmjs.org/jsesc/-/jsesc-3.1.0.tgz 575ms (cache hit)
474 http fetch GET 200 https://registry.npmjs.org/semver 1727ms (cache miss)
475 silly packumentCache corgi:https://registry.npmjs.org/semver set size:undefined disposed:false
476 http cache https://registry.npmjs.org/@vitejs%2fplugin-react 243ms (cache hit)
477 silly packumentCache corgi:https://registry.npmjs.org/@vitejs%2fplugin-react set size:113751 disposed:false
478 http cache https://registry.npmjs.org/@tailwindcss%2fvite 276ms (cache hit)
479 silly packumentCache corgi:https://registry.npmjs.org/@tailwindcss%2fvite set size:848097 disposed:false
480 http fetch GET 200 https://registry.npmjs.org/resolve 1846ms (cache miss)
481 silly packumentCache corgi:https://registry.npmjs.org/resolve set size:undefined disposed:false
482 http cache https://registry.npmjs.org/update-browserslist-db/-/update-browserslist-db-1.2.3.tgz 366ms (cache hit)
483 http cache https://registry.npmjs.org/json5/-/json5-2.2.3.tgz 343ms (cache hit)
484 http cache https://registry.npmjs.org/baseline-browser-mapping/-/baseline-browser-mapping-2.10.34.tgz 316ms (cache hit)
485 http fetch GET 200 https://registry.npmjs.org/nanoid 1934ms (cache miss)
486 silly packumentCache corgi:https://registry.npmjs.org/nanoid set size:undefined disposed:false
487 http fetch GET 200 https://registry.npmjs.org/jiti 1948ms (cache miss)
488 silly packumentCache corgi:https://registry.npmjs.org/jiti set size:undefined disposed:false
489 http cache https://registry.npmjs.org/semver/-/semver-6.3.1.tgz 268ms (cache hit)
490 http cache https://registry.npmjs.org/resolve/-/resolve-1.22.12.tgz 164ms (cache hit)
491 http fetch GET 200 https://registry.npmjs.org/browserslist 2009ms (cache miss)
492 silly packumentCache corgi:https://registry.npmjs.org/browserslist set size:undefined disposed:false
493 http fetch GET 200 https://registry.npmjs.org/@babel%2fparser 2088ms (cache miss)
494 silly packumentCache corgi:https://registry.npmjs.org/@babel%2fparser set size:undefined disposed:false
495 http cache https://registry.npmjs.org/nanoid/-/nanoid-3.3.12.tgz 164ms (cache hit)
496 http cache https://registry.npmjs.org/jiti/-/jiti-2.7.0.tgz 161ms (cache hit)
497 http cache https://registry.npmjs.org/browserslist/-/browserslist-4.28.2.tgz 130ms (cache hit)
498 http fetch GET 200 https://registry.npmjs.org/@babel/parser/-/parser-7.29.7.tgz 217ms (cache revalidated)
499 http fetch GET 200 https://registry.npmjs.org/esbuild 2312ms (cache miss)
500 silly packumentCache corgi:https://registry.npmjs.org/esbuild set size:undefined disposed:false
501 http cache https://registry.npmjs.org/esbuild/-/esbuild-0.25.12.tgz 92ms (cache hit)
502 http fetch GET 200 https://registry.npmjs.org/rollup 2619ms (cache miss)
503 silly packumentCache corgi:https://registry.npmjs.org/rollup set size:undefined disposed:false
504 http cache https://registry.npmjs.org/rollup/-/rollup-4.61.1.tgz 72ms (cache hit)
505 http fetch GET 200 https://registry.npmjs.org/lucide-react/-/lucide-react-0.487.0.tgz 27295ms (cache miss)
506 http fetch GET 200 https://registry.npmjs.org/@mui/icons-material/-/icons-material-7.3.5.tgz 128164ms (cache miss)
507 info run esbuild@0.25.12 postinstall node_modules/esbuild node install.js
508 info run esbuild@0.25.12 postinstall { code: 0, signal: null }
509 silly CHANGE node_modules/@babel/parser
510 silly REMOVE node_modules/yaml
511 silly CHANGE node_modules/xlsx
512 silly CHANGE node_modules/vite
513 silly CHANGE node_modules/update-browserslist-db
514 silly CHANGE node_modules/semver
515 silly CHANGE node_modules/rollup
516 silly CHANGE node_modules/resolve
517 silly CHANGE node_modules/nanoid
518 silly CHANGE node_modules/loose-envify
519 silly CHANGE node_modules/json5
520 silly CHANGE node_modules/jsesc
521 silly CHANGE node_modules/jiti
522 silly CHANGE node_modules/esbuild
523 silly CHANGE node_modules/crc-32
524 silly CHANGE node_modules/browserslist
525 silly CHANGE node_modules/baseline-browser-mapping
526 silly CHANGE node_modules/@mui/icons-material
527 silly CHANGE node_modules/lucide-react
528 verbose cwd C:\Users\Narayan\Downloads\Sports Registration Website (2)
529 verbose os Windows_NT 10.0.19045
530 verbose node v24.14.1
531 verbose npm  v11.11.0
532 verbose exit 0
533 info ok
